Archive member included because of file (symbol)

/usr/bin/../lib/gcc/arm-none-eabi/4.9.3/armv6-m/libgcc.a(_udivsi3.o)
                              common2/services/delay/sam0/systick_counter.o (__aeabi_uidiv)
/usr/bin/../lib/gcc/arm-none-eabi/4.9.3/armv6-m/libgcc.a(_dvmd_tls.o)
                              /usr/bin/../lib/gcc/arm-none-eabi/4.9.3/armv6-m/libgcc.a(_udivsi3.o) (__aeabi_idiv0)
/usr/bin/../lib/gcc/arm-none-eabi/4.9.3/../../../../arm-none-eabi/lib/armv6-m/libc_nano.a(lib_a-exit.o)
                              /usr/bin/../lib/gcc/arm-none-eabi/4.9.3/../../../../arm-none-eabi/lib/armv6-m/crt0.o (exit)
/usr/bin/../lib/gcc/arm-none-eabi/4.9.3/../../../../arm-none-eabi/lib/armv6-m/libc_nano.a(lib_a-impure.o)
                              /usr/bin/../lib/gcc/arm-none-eabi/4.9.3/../../../../arm-none-eabi/lib/armv6-m/libc_nano.a(lib_a-exit.o) (_global_impure_ptr)
/usr/bin/../lib/gcc/arm-none-eabi/4.9.3/../../../../arm-none-eabi/lib/armv6-m/libc_nano.a(lib_a-init.o)
                              /usr/bin/../lib/gcc/arm-none-eabi/4.9.3/../../../../arm-none-eabi/lib/armv6-m/crt0.o (__libc_init_array)
/usr/bin/../lib/gcc/arm-none-eabi/4.9.3/../../../../arm-none-eabi/lib/armv6-m/libc_nano.a(lib_a-memset.o)
                              /usr/bin/../lib/gcc/arm-none-eabi/4.9.3/../../../../arm-none-eabi/lib/armv6-m/crt0.o (memset)
/usr/bin/../lib/gcc/arm-none-eabi/4.9.3/../../../../arm-none-eabi/lib/armv6-m/libc_nano.a(lib_a-printf.o)
                              sam0/utils/syscalls/gcc/syscalls.o (iprintf)
/usr/bin/../lib/gcc/arm-none-eabi/4.9.3/../../../../arm-none-eabi/lib/armv6-m/libc_nano.a(lib_a-findfp.o)
                              /usr/bin/../lib/gcc/arm-none-eabi/4.9.3/../../../../arm-none-eabi/lib/armv6-m/libc_nano.a(lib_a-printf.o) (__sinit)
/usr/bin/../lib/gcc/arm-none-eabi/4.9.3/../../../../arm-none-eabi/lib/armv6-m/libc_nano.a(lib_a-fwalk.o)
                              /usr/bin/../lib/gcc/arm-none-eabi/4.9.3/../../../../arm-none-eabi/lib/armv6-m/libc_nano.a(lib_a-findfp.o) (_fwalk)
/usr/bin/../lib/gcc/arm-none-eabi/4.9.3/../../../../arm-none-eabi/lib/armv6-m/libc_nano.a(lib_a-nano-mallocr.o)
                              /usr/bin/../lib/gcc/arm-none-eabi/4.9.3/../../../../arm-none-eabi/lib/armv6-m/libc_nano.a(lib_a-findfp.o) (_malloc_r)
/usr/bin/../lib/gcc/arm-none-eabi/4.9.3/../../../../arm-none-eabi/lib/armv6-m/libc_nano.a(lib_a-nano-vfprintf.o)
                              /usr/bin/../lib/gcc/arm-none-eabi/4.9.3/../../../../arm-none-eabi/lib/armv6-m/libc_nano.a(lib_a-printf.o) (_vfprintf_r)
/usr/bin/../lib/gcc/arm-none-eabi/4.9.3/../../../../arm-none-eabi/lib/armv6-m/libc_nano.a(lib_a-nano-vfprintf_i.o)
                              /usr/bin/../lib/gcc/arm-none-eabi/4.9.3/../../../../arm-none-eabi/lib/armv6-m/libc_nano.a(lib_a-nano-vfprintf.o) (_printf_i)
/usr/bin/../lib/gcc/arm-none-eabi/4.9.3/../../../../arm-none-eabi/lib/armv6-m/libc_nano.a(lib_a-sbrkr.o)
                              /usr/bin/../lib/gcc/arm-none-eabi/4.9.3/../../../../arm-none-eabi/lib/armv6-m/libc_nano.a(lib_a-nano-mallocr.o) (_sbrk_r)
/usr/bin/../lib/gcc/arm-none-eabi/4.9.3/../../../../arm-none-eabi/lib/armv6-m/libc_nano.a(lib_a-stdio.o)
                              /usr/bin/../lib/gcc/arm-none-eabi/4.9.3/../../../../arm-none-eabi/lib/armv6-m/libc_nano.a(lib_a-findfp.o) (__sread)
/usr/bin/../lib/gcc/arm-none-eabi/4.9.3/../../../../arm-none-eabi/lib/armv6-m/libc_nano.a(lib_a-wbuf.o)
                              /usr/bin/../lib/gcc/arm-none-eabi/4.9.3/../../../../arm-none-eabi/lib/armv6-m/libc_nano.a(lib_a-nano-vfprintf.o) (__swbuf_r)
/usr/bin/../lib/gcc/arm-none-eabi/4.9.3/../../../../arm-none-eabi/lib/armv6-m/libc_nano.a(lib_a-writer.o)
                              /usr/bin/../lib/gcc/arm-none-eabi/4.9.3/../../../../arm-none-eabi/lib/armv6-m/libc_nano.a(lib_a-stdio.o) (_write_r)
/usr/bin/../lib/gcc/arm-none-eabi/4.9.3/../../../../arm-none-eabi/lib/armv6-m/libc_nano.a(lib_a-wsetup.o)
                              /usr/bin/../lib/gcc/arm-none-eabi/4.9.3/../../../../arm-none-eabi/lib/armv6-m/libc_nano.a(lib_a-nano-vfprintf.o) (__swsetup_r)
/usr/bin/../lib/gcc/arm-none-eabi/4.9.3/../../../../arm-none-eabi/lib/armv6-m/libc_nano.a(lib_a-closer.o)
                              /usr/bin/../lib/gcc/arm-none-eabi/4.9.3/../../../../arm-none-eabi/lib/armv6-m/libc_nano.a(lib_a-stdio.o) (_close_r)
/usr/bin/../lib/gcc/arm-none-eabi/4.9.3/../../../../arm-none-eabi/lib/armv6-m/libc_nano.a(lib_a-fflush.o)
                              /usr/bin/../lib/gcc/arm-none-eabi/4.9.3/../../../../arm-none-eabi/lib/armv6-m/libc_nano.a(lib_a-findfp.o) (_fflush_r)
/usr/bin/../lib/gcc/arm-none-eabi/4.9.3/../../../../arm-none-eabi/lib/armv6-m/libc_nano.a(lib_a-fvwrite.o)
                              /usr/bin/../lib/gcc/arm-none-eabi/4.9.3/../../../../arm-none-eabi/lib/armv6-m/libc_nano.a(lib_a-nano-vfprintf.o) (__sfvwrite_r)
/usr/bin/../lib/gcc/arm-none-eabi/4.9.3/../../../../arm-none-eabi/lib/armv6-m/libc_nano.a(lib_a-lseekr.o)
[...]
Memory Configuration

Name             Origin             Length             Attributes
rom              0x00000000         0x00040000         xr
ram              0x20000000         0x00008000         xrw
*default*        0x00000000         0xffffffff

Linker script and memory map

LOAD /usr/bin/../lib/gcc/arm-none-eabi/4.9.3/armv6-m/crti.o
LOAD /usr/bin/../lib/gcc/arm-none-eabi/4.9.3/armv6-m/crtbegin.o
LOAD /usr/bin/../lib/gcc/arm-none-eabi/4.9.3/../../../../arm-none-eabi/lib/armv6-m/crt0.o
Address of section .text set to 0x2000
                0x00002000                STACK_SIZE = DEFINED (STACK_SIZE)?STACK_SIZE:DEFINED (__stack_size__)?__stack_size__:0x2000

.text           0x00002000      0x8f4
                0x00002000                . = ALIGN (0x4)
                0x00002000                _sfixed = .
 *(.vectors .vectors.*)
 .vectors       0x00002000       0xb0 sam0/utils/cmsis/samd21/source/gcc/startup_samd21.o
                0x00002000                exception_table
 *(.text .text.* .gnu.linkonce.t.*)
 .text          0x000020b0       0x60 /usr/bin/../lib/gcc/arm-none-eabi/4.9.3/armv6-m/crtbegin.o
 .text.main     0x00002110       0x34 led_toggle.o
                0x00002110                main
 .text.cpu_irq_enter_critical
                0x00002144       0x40 common/utils/interrupt/interrupt_sam_nvic.o
                0x00002144                cpu_irq_enter_critical
 .text.cpu_irq_leave_critical
                0x00002184       0x30 common/utils/interrupt/interrupt_sam_nvic.o
                0x00002184                cpu_irq_leave_critical
 .text.delay_init
                0x000021b4       0x34 common2/services/delay/sam0/systick_counter.o
                0x000021b4                delay_init
 .text.delay_cycles_ms
                0x000021e8       0x2c common2/services/delay/sam0/systick_counter.o
                0x000021e8                delay_cycles_ms
 .text.system_board_init
                0x00002214        0x4 sam0/boards/femtousb/board_init.o
                0x00002214                system_board_init
                0x00002214                board_init
 .text.system_clock_source_get_hz
                0x00002218       0x8c sam0/drivers/system/clock/clock_samd21_r21/clock.o
                0x00002218                system_clock_source_get_hz
 .text.system_clock_source_osc8m_set_config
                0x000022a4       0x3c sam0/drivers/system/clock/clock_samd21_r21/clock.o
                0x000022a4                system_clock_source_osc8m_set_config
 .text.system_clock_source_enable
                0x000022e0       0xa0 sam0/drivers/system/clock/clock_samd21_r21/clock.o
                0x000022e0                system_clock_source_enable
 .text.system_clock_init
                0x00002380       0x7c sam0/drivers/system/clock/clock_samd21_r21/clock.o
                0x00002380                system_clock_init
 .text.system_gclk_init
                0x000023fc       0x24 sam0/drivers/system/clock/clock_samd21_r21/gclk.o
                0x000023fc                system_gclk_init
 .text.system_gclk_gen_set_config
                0x00002420       0xb0 sam0/drivers/system/clock/clock_samd21_r21/gclk.o
                0x00002420                system_gclk_gen_set_config
 .text.system_gclk_gen_enable
                0x000024d0       0x3c sam0/drivers/system/clock/clock_samd21_r21/gclk.o
                0x000024d0                system_gclk_gen_enable
 .text.system_gclk_gen_get_hz
                0x0000250c       0x7c sam0/drivers/system/clock/clock_samd21_r21/gclk.o
                0x0000250c                system_gclk_gen_get_hz
 .text.system_gclk_chan_disable
                0x00002588       0x54 sam0/drivers/system/clock/clock_samd21_r21/gclk.o
                0x00002588                system_gclk_chan_disable
 .text.system_gclk_chan_set_config
                0x000025dc       0x18 sam0/drivers/system/clock/clock_samd21_r21/gclk.o
                0x000025dc                system_gclk_chan_set_config
 .text.system_gclk_chan_get_hz
                0x000025f4       0x28 sam0/drivers/system/clock/clock_samd21_r21/gclk.o
                0x000025f4                system_gclk_chan_get_hz
 .text._system_dummy_init
                0x0000261c        0x4 sam0/drivers/system/system.o
                0x0000261c                _system_extint_init
                0x0000261c                _system_events_init
                0x0000261c                _system_dummy_init
 .text.system_init
                0x00002620       0x14 sam0/drivers/system/system.o
                0x00002620                system_init
 .text.Dummy_Handler
                0x00002634        0x4 sam0/utils/cmsis/samd21/source/gcc/startup_samd21.o
                0x00002634                DMAC_Handler
                0x00002634                HardFault_Handler
                0x00002634                AC_Handler
                0x00002634                SysTick_Handler
                0x00002634                PendSV_Handler
                0x00002634                NMI_Handler
                0x00002634                TC7_Handler
                0x00002634                SERCOM1_Handler
                0x00002634                ADC_Handler
                0x00002634                TCC1_Handler
                0x00002634                SERCOM2_Handler
                0x00002634                TCC0_Handler
                0x00002634                RTC_Handler
                0x00002634                EIC_Handler
                0x00002634                TC6_Handler
                0x00002634                WDT_Handler
                0x00002634                TC4_Handler
                0x00002634                USB_Handler
                0x00002634                TC3_Handler
                0x00002634                Dummy_Handler
                0x00002634                PM_Handler
                0x00002634                SERCOM5_Handler
                0x00002634                SVC_Handler
                0x00002634                TCC2_Handler
                0x00002634                EVSYS_Handler
                0x00002634                SERCOM3_Handler
                0x00002634                SERCOM4_Handler
                0x00002634                I2S_Handler
                0x00002634                NVMCTRL_Handler
                0x00002634                SERCOM0_Handler
                0x00002634                DAC_Handler
                0x00002634                PTC_Handler
                0x00002634                TC5_Handler
                0x00002634                SYSCTRL_Handler
 .text.Reset_Handler
                0x00002638       0xe4 sam0/utils/cmsis/samd21/source/gcc/startup_samd21.o
                0x00002638                Reset_Handler
 .text          0x0000271c      0x120 /usr/bin/../lib/gcc/arm-none-eabi/4.9.3/armv6-m/libgcc.a(_udivsi3.o)
                0x0000271c                __udivsi3
                0x0000271c                __aeabi_uidiv
                0x00002828                __aeabi_uidivmod
 .text          0x0000283c        0x4 /usr/bin/../lib/gcc/arm-none-eabi/4.9.3/armv6-m/libgcc.a(_dvmd_tls.o)
                0x0000283c                __aeabi_ldiv0
                0x0000283c                __aeabi_idiv0
 .text.__libc_init_array
                0x00002840       0x4c /usr/bin/../lib/gcc/arm-none-eabi/4.9.3/../../../../arm-none-eabi/lib/armv6-m/libc_nano.a(lib_a-init.o)
                0x00002840                __libc_init_array
 *(.glue_7t)
 .glue_7t       0x00000000        0x0 linker stubs
 *(.glue_7)
 .glue_7        0x00000000        0x0 linker stubs
 *(.rodata .rodata* .gnu.linkonce.r.*)
 .rodata.system_clock_source_get_hz
                0x0000288c       0x24 sam0/drivers/system/clock/clock_samd21_r21/clock.o
 .rodata.system_clock_source_enable
                0x000028b0       0x24 sam0/drivers/system/clock/clock_samd21_r21/clock.o
 *(.ARM.extab* .gnu.linkonce.armextab.*)
                0x000028d4                . = ALIGN (0x4)
 *(.init)
 .init          0x000028d4        0x4 /usr/bin/../lib/gcc/arm-none-eabi/4.9.3/armv6-m/crti.o
                0x000028d4                _init
 .init          0x000028d8        0x8 /usr/bin/../lib/gcc/arm-none-eabi/4.9.3/armv6-m/crtn.o
                0x000028e0                . = ALIGN (0x4)
                0x000028e0                __preinit_array_start = .
 *(.preinit_array)
                0x000028e0                __preinit_array_end = .
                0x000028e0                . = ALIGN (0x4)
                0x000028e0                __init_array_start = .
 *(SORT(.init_array.*))
 *(.init_array)
 .init_array    0x000028e0        0x4 /usr/bin/../lib/gcc/arm-none-eabi/4.9.3/armv6-m/crtbegin.o
                0x000028e4                __init_array_end = .
                0x000028e4                . = ALIGN (0x4)
 *crtbegin.o(.ctors)
 *(EXCLUDE_FILE(*crtend.o) .ctors)
 *(SORT(.ctors.*))
 *crtend.o(.ctors)
                0x000028e4                . = ALIGN (0x4)
 *(.fini)
 .fini          0x000028e4        0x4 /usr/bin/../lib/gcc/arm-none-eabi/4.9.3/armv6-m/crti.o
                0x000028e4                _fini
 .fini          0x000028e8        0x8 /usr/bin/../lib/gcc/arm-none-eabi/4.9.3/armv6-m/crtn.o
                0x000028f0                . = ALIGN (0x4)
                0x000028f0                __fini_array_start = .
 *(.fini_array)
 .fini_array    0x000028f0        0x4 /usr/bin/../lib/gcc/arm-none-eabi/4.9.3/armv6-m/crtbegin.o
 *(SORT(.fini_array.*))
                0x000028f4                __fini_array_end = .
 *crtbegin.o(.dtors)
 *(EXCLUDE_FILE(*crtend.o) .dtors)
 *(SORT(.dtors.*))
 *crtend.o(.dtors)
                0x000028f4                . = ALIGN (0x4)
                0x000028f4                _efixed = .
                0x000028f4                PROVIDE (__exidx_start, .)

.vfp11_veneer   0x000028f4        0x0
 .vfp11_veneer  0x00000000        0x0 linker stubs

.v4_bx          0x000028f4        0x0
 .v4_bx         0x00000000        0x0 linker stubs

.iplt           0x000028f4        0x0
 .iplt          0x00000000        0x0 /usr/bin/../lib/gcc/arm-none-eabi/4.9.3/armv6-m/crtbegin.o

.eh_frame       0x000028f4        0x0
 .eh_frame      0x000028f4        0x0 /usr/bin/../lib/gcc/arm-none-eabi/4.9.3/armv6-m/crtbegin.o

.rel.dyn        0x000028f4        0x0
 .rel.iplt      0x00000000        0x0 /usr/bin/../lib/gcc/arm-none-eabi/4.9.3/armv6-m/crtbegin.o

.jcr            0x000028f4        0x0
 .jcr           0x000028f4        0x0 /usr/bin/../lib/gcc/arm-none-eabi/4.9.3/armv6-m/crtbegin.o

.igot.plt       0x000028f4        0x0
 .igot.plt      0x00000000        0x0 /usr/bin/../lib/gcc/arm-none-eabi/4.9.3/armv6-m/crtbegin.o

.ARM.exidx
 *(.ARM.exidx* .gnu.linkonce.armexidx.*)
                0x000028f4                PROVIDE (__exidx_end, .)
                0x000028f4                . = ALIGN (0x4)
                0x000028f4                _etext = .

.relocate       0x20000000        0xc load address 0x000028f4
                0x20000000                . = ALIGN (0x4)
                0x20000000                _srelocate = .
 *(.ramfunc .ramfunc.*)
 *(.data .data.*)
 .data.g_interrupt_enabled
                0x20000000        0x1 common/utils/interrupt/interrupt_sam_nvic.o
                0x20000000                g_interrupt_enabled
 *fill*         0x20000001        0x3 
 .data.cycles_per_us
                0x20000004        0x4 common2/services/delay/sam0/systick_counter.o
 .data.cycles_per_ms
                0x20000008        0x4 common2/services/delay/sam0/systick_counter.o
                0x2000000c                . = ALIGN (0x4)
                0x2000000c                _erelocate = .

.bss            0x2000000c       0x3c load address 0x00002900
                0x2000000c                . = ALIGN (0x4)
                0x2000000c                _sbss = .
                0x2000000c                _szero = .
 *(.bss .bss.*)
 .bss           0x2000000c       0x1c /usr/bin/../lib/gcc/arm-none-eabi/4.9.3/armv6-m/crtbegin.o
 .bss.cpu_irq_critical_section_counter
                0x20000028        0x4 common/utils/interrupt/interrupt_sam_nvic.o
 .bss.cpu_irq_prev_interrupt_state
                0x2000002c        0x1 common/utils/interrupt/interrupt_sam_nvic.o
 *fill*         0x2000002d        0x3 
 .bss._system_clock_inst
                0x20000030       0x18 sam0/drivers/system/clock/clock_samd21_r21/clock.o
 *(COMMON)
                0x20000048                . = ALIGN (0x4)
                0x20000048                _ebss = .
                0x20000048                _ezero = .

.stack          0x20000048     0x2000 load address 0x0000293c
                0x20000048                . = ALIGN (0x8)
                0x20000048                _sstack = .
                0x20002048                . = (. + STACK_SIZE)
 *fill*         0x20000048     0x2000 
                0x20002048                . = ALIGN (0x8)
                0x20002048                _estack = .
                0x20002048                . = ALIGN (0x4)
                0x20002048                _end = .
LOAD led_toggle.o
LOAD common/utils/interrupt/interrupt_sam_nvic.o
LOAD common2/services/delay/sam0/systick_counter.o
LOAD sam0/boards/femtousb/board_init.o
LOAD sam0/drivers/port/port.o
LOAD sam0/drivers/system/clock/clock_samd21_r21/clock.o
LOAD sam0/drivers/system/clock/clock_samd21_r21/gclk.o
LOAD sam0/drivers/system/interrupt/system_interrupt.o
LOAD sam0/drivers/system/system.o
LOAD sam0/utils/cmsis/samd21/source/gcc/startup_samd21.o
LOAD sam0/utils/cmsis/samd21/source/system_samd21.o
LOAD sam0/utils/syscalls/gcc/syscalls.o
LOAD asf-3.21.0/thirdparty/CMSIS/Lib/GCC/libarm_cortexM0l_math.a
LOAD /usr/bin/../lib/gcc/arm-none-eabi/4.9.3/../../../../arm-none-eabi/lib/armv6-m/libstdc++_nano.a
LOAD /usr/bin/../lib/gcc/arm-none-eabi/4.9.3/../../../../arm-none-eabi/lib/armv6-m/libm.a
START GROUP
LOAD /usr/bin/../lib/gcc/arm-none-eabi/4.9.3/armv6-m/libgcc.a
LOAD /usr/bin/../lib/gcc/arm-none-eabi/4.9.3/../../../../arm-none-eabi/lib/armv6-m/libc_nano.a
END GROUP
START GROUP
LOAD /usr/bin/../lib/gcc/arm-none-eabi/4.9.3/armv6-m/libgcc.a
LOAD /usr/bin/../lib/gcc/arm-none-eabi/4.9.3/../../../../arm-none-eabi/lib/armv6-m/libc_nano.a
END GROUP
LOAD /usr/bin/../lib/gcc/arm-none-eabi/4.9.3/armv6-m/crtend.o
LOAD /usr/bin/../lib/gcc/arm-none-eabi/4.9.3/armv6-m/crtn.o
OUTPUT(led_toggle_flash.elf elf32-littlearm)

.ARM.attributes
                0x00000000       0x28
 .ARM.attributes
                0x00000000       0x1e /usr/bin/../lib/gcc/arm-none-eabi/4.9.3/armv6-m/crti.o
 .ARM.attributes
                0x0000001e       0x2c /usr/bin/../lib/gcc/arm-none-eabi/4.9.3/armv6-m/crtbegin.o
 .ARM.attributes
                0x0000004a       0x32 led_toggle.o
 .ARM.attributes
                0x0000007c       0x32 common/utils/interrupt/interrupt_sam_nvic.o
 .ARM.attributes
                0x000000ae       0x32 common2/services/delay/sam0/systick_counter.o
 .ARM.attributes
                0x000000e0       0x32 sam0/boards/femtousb/board_init.o
 .ARM.attributes
                0x00000112       0x32 sam0/drivers/system/clock/clock_samd21_r21/clock.o
 .ARM.attributes
                0x00000144       0x32 sam0/drivers/system/clock/clock_samd21_r21/gclk.o
 .ARM.attributes
                0x00000176       0x32 sam0/drivers/system/system.o
 .ARM.attributes
                0x000001a8       0x32 sam0/utils/cmsis/samd21/source/gcc/startup_samd21.o
 .ARM.attributes
                0x000001da       0x1e /usr/bin/../lib/gcc/arm-none-eabi/4.9.3/armv6-m/libgcc.a(_udivsi3.o)
 .ARM.attributes
                0x000001f8       0x1e /usr/bin/../lib/gcc/arm-none-eabi/4.9.3/armv6-m/libgcc.a(_dvmd_tls.o)
 .ARM.attributes
                0x00000216       0x2c /usr/bin/../lib/gcc/arm-none-eabi/4.9.3/../../../../arm-none-eabi/lib/armv6-m/libc_nano.a(lib_a-init.o)
 .ARM.attributes
                0x00000242       0x1e /usr/bin/../lib/gcc/arm-none-eabi/4.9.3/armv6-m/crtn.o

.comment        0x00000000       0x70
 .comment       0x00000000       0x70 led_toggle.o
                                 0x71 (size before relaxing)
 .comment       0x00000000       0x71 common/utils/interrupt/interrupt_sam_nvic.o
 .comment       0x00000000       0x71 common2/services/delay/sam0/systick_counter.o
 .comment       0x00000000       0x71 sam0/boards/femtousb/board_init.o
 .comment       0x00000000       0x71 sam0/drivers/system/clock/clock_samd21_r21/clock.o
 .comment       0x00000000       0x71 sam0/drivers/system/clock/clock_samd21_r21/gclk.o
 .comment       0x00000000       0x71 sam0/drivers/system/system.o
 .comment       0x00000000       0x71 sam0/utils/cmsis/samd21/source/gcc/startup_samd21.o

.debug_info     0x00000000     0x800f
 .debug_info    0x00000000      0x925 led_toggle.o
 .debug_info    0x00000925      0x1db common/utils/interrupt/interrupt_sam_nvic.o
 .debug_info    0x00000b00      0x268 common2/services/delay/sam0/systick_counter.o
 .debug_info    0x00000d68      0x11e sam0/boards/femtousb/board_init.o
 .debug_info    0x00000e86     0x2a4a sam0/drivers/system/clock/clock_samd21_r21/clock.o
 .debug_info    0x000038d0     0x1436 sam0/drivers/system/clock/clock_samd21_r21/gclk.o
 .debug_info    0x00004d06      0x148 sam0/drivers/system/system.o
 .debug_info    0x00004e4e     0x31c1 sam0/utils/cmsis/samd21/source/gcc/startup_samd21.o

.debug_abbrev   0x00000000      0xff0
 .debug_abbrev  0x00000000      0x2a9 led_toggle.o
 .debug_abbrev  0x000002a9       0xf4 common/utils/interrupt/interrupt_sam_nvic.o
 .debug_abbrev  0x0000039d      0x162 common2/services/delay/sam0/systick_counter.o
 .debug_abbrev  0x000004ff       0x91 sam0/boards/femtousb/board_init.o
 .debug_abbrev  0x00000590      0x401 sam0/drivers/system/clock/clock_samd21_r21/clock.o
 .debug_abbrev  0x00000991      0x349 sam0/drivers/system/clock/clock_samd21_r21/gclk.o
 .debug_abbrev  0x00000cda       0xb4 sam0/drivers/system/system.o
 .debug_abbrev  0x00000d8e      0x262 sam0/utils/cmsis/samd21/source/gcc/startup_samd21.o

.debug_aranges  0x00000000      0x1e0
 .debug_aranges
                0x00000000       0x20 led_toggle.o
 .debug_aranges
                0x00000020       0x28 common/utils/interrupt/interrupt_sam_nvic.o
 .debug_aranges
                0x00000048       0x30 common2/services/delay/sam0/systick_counter.o
 .debug_aranges
                0x00000078       0x20 sam0/boards/femtousb/board_init.o
 .debug_aranges
                0x00000098       0x78 sam0/drivers/system/clock/clock_samd21_r21/clock.o
 .debug_aranges
                0x00000110       0x80 sam0/drivers/system/clock/clock_samd21_r21/gclk.o
 .debug_aranges
                0x00000190       0x28 sam0/drivers/system/system.o
 .debug_aranges
                0x000001b8       0x28 sam0/utils/cmsis/samd21/source/gcc/startup_samd21.o

.debug_ranges   0x00000000      0x1a8
 .debug_ranges  0x00000000       0x28 led_toggle.o
 .debug_ranges  0x00000028       0x18 common/utils/interrupt/interrupt_sam_nvic.o
 .debug_ranges  0x00000040       0x50 common2/services/delay/sam0/systick_counter.o
 .debug_ranges  0x00000090       0x10 sam0/boards/femtousb/board_init.o
 .debug_ranges  0x000000a0       0x68 sam0/drivers/system/clock/clock_samd21_r21/clock.o
 .debug_ranges  0x00000108       0x70 sam0/drivers/system/clock/clock_samd21_r21/gclk.o
 .debug_ranges  0x00000178       0x18 sam0/drivers/system/system.o
 .debug_ranges  0x00000190       0x18 sam0/utils/cmsis/samd21/source/gcc/startup_samd21.o

.debug_macro    0x00000000    0x155d7
 .debug_macro   0x00000000      0x539 led_toggle.o
 .debug_macro   0x00000539      0x84a led_toggle.o
 .debug_macro   0x00000d83      0x166 led_toggle.o
 .debug_macro   0x00000ee9      0x4d1 led_toggle.o
 .debug_macro   0x000013ba       0x22 led_toggle.o
 .debug_macro   0x000013dc       0x44 led_toggle.o
 .debug_macro   0x00001420       0x1c led_toggle.o
 .debug_macro   0x0000143c      0x1f7 led_toggle.o
 .debug_macro   0x00001633       0x10 led_toggle.o
 .debug_macro   0x00001643       0x76 led_toggle.o
 .debug_macro   0x000016b9       0x16 led_toggle.o
 .debug_macro   0x000016cf      0x6e5 led_toggle.o
 .debug_macro   0x00001db4      0xde2 led_toggle.o
 .debug_macro   0x00002b96       0x22 led_toggle.o
 .debug_macro   0x00002bb8       0x40 led_toggle.o
 .debug_macro   0x00002bf8       0x3a led_toggle.o
 .debug_macro   0x00002c32      0x24f led_toggle.o
 .debug_macro   0x00002e81      0x682 led_toggle.o
 .debug_macro   0x00003503      0x8c1 led_toggle.o
 .debug_macro   0x00003dc4      0x235 led_toggle.o
 .debug_macro   0x00003ff9      0xd6d led_toggle.o
 .debug_macro   0x00004d66      0x4ce led_toggle.o
 .debug_macro   0x00005234      0x9fb led_toggle.o
 .debug_macro   0x00005c2f      0x82e led_toggle.o
 .debug_macro   0x0000645d      0x462 led_toggle.o
 .debug_macro   0x000068bf       0x5e led_toggle.o
 .debug_macro   0x0000691d      0x907 led_toggle.o
 .debug_macro   0x00007224      0x226 led_toggle.o
 .debug_macro   0x0000744a      0x913 led_toggle.o
 .debug_macro   0x00007d5d       0x5e led_toggle.o
 .debug_macro   0x00007dbb      0x636 led_toggle.o
 .debug_macro   0x000083f1      0x3b8 led_toggle.o
 .debug_macro   0x000087a9      0xc55 led_toggle.o
 .debug_macro   0x000093fe     0x1093 led_toggle.o
 .debug_macro   0x0000a491      0xc4a led_toggle.o
 .debug_macro   0x0000b0db      0x6c2 led_toggle.o
 .debug_macro   0x0000b79d     0x1b4e led_toggle.o
 .debug_macro   0x0000d2eb     0x144d led_toggle.o
 .debug_macro   0x0000e738      0x351 led_toggle.o
 .debug_macro   0x0000ea89       0x7c led_toggle.o
 .debug_macro   0x0000eb05       0xa0 led_toggle.o
 .debug_macro   0x0000eba5       0x4c led_toggle.o
 .debug_macro   0x0000ebf1       0xca led_toggle.o
 .debug_macro   0x0000ecbb       0x94 led_toggle.o
 .debug_macro   0x0000ed4f       0x58 led_toggle.o
 .debug_macro   0x0000eda7      0x367 led_toggle.o
 .debug_macro   0x0000f10e       0x82 led_toggle.o
 .debug_macro   0x0000f190      0x19a led_toggle.o
 .debug_macro   0x0000f32a       0xb8 led_toggle.o
 .debug_macro   0x0000f3e2       0xa0 led_toggle.o
 .debug_macro   0x0000f482       0xb8 led_toggle.o
 .debug_macro   0x0000f53a       0x1c led_toggle.o
 .debug_macro   0x0000f556       0x1c led_toggle.o
 .debug_macro   0x0000f572       0x1c led_toggle.o
 .debug_macro   0x0000f58e       0x7c led_toggle.o
 .debug_macro   0x0000f60a      0x164 led_toggle.o
 .debug_macro   0x0000f76e       0xdc led_toggle.o
 .debug_macro   0x0000f84a      0x132 led_toggle.o
 .debug_macro   0x0000f97c      0x132 led_toggle.o
 .debug_macro   0x0000faae      0x132 led_toggle.o
 .debug_macro   0x0000fbe0      0x132 led_toggle.o
 .debug_macro   0x0000fd12      0x11e led_toggle.o
 .debug_macro   0x0000fe30       0xe2 led_toggle.o
 .debug_macro   0x0000ff12       0xe2 led_toggle.o
 .debug_macro   0x0000fff4       0xe2 led_toggle.o
 .debug_macro   0x000100d6      0x12f led_toggle.o
 .debug_macro   0x00010205      0x100 led_toggle.o
 .debug_macro   0x00010305       0xf4 led_toggle.o
 .debug_macro   0x000103f9      0x40f led_toggle.o
 .debug_macro   0x00010808       0x40 led_toggle.o
 .debug_macro   0x00010848      0x345 led_toggle.o
 .debug_macro   0x00010b8d      0xf7d led_toggle.o
 .debug_macro   0x00011b0a       0x51 led_toggle.o
 .debug_macro   0x00011b5b       0x58 led_toggle.o
 .debug_macro   0x00011bb3       0x35 led_toggle.o
 .debug_macro   0x00011be8       0x9c led_toggle.o
 .debug_macro   0x00011c84       0x16 led_toggle.o
 .debug_macro   0x00011c9a       0x35 led_toggle.o
 .debug_macro   0x00011ccf      0x29d led_toggle.o
 .debug_macro   0x00011f6c       0x10 led_toggle.o
 .debug_macro   0x00011f7c       0x52 led_toggle.o
 .debug_macro   0x00011fce       0x16 led_toggle.o
 .debug_macro   0x00011fe4       0x43 led_toggle.o
 .debug_macro   0x00012027      0x180 led_toggle.o
 .debug_macro   0x000121a7       0x10 led_toggle.o
 .debug_macro   0x000121b7       0x22 led_toggle.o
 .debug_macro   0x000121d9       0xbd led_toggle.o
 .debug_macro   0x00012296       0x16 led_toggle.o
 .debug_macro   0x000122ac      0x196 led_toggle.o
 .debug_macro   0x00012442       0x16 led_toggle.o
 .debug_macro   0x00012458       0x16 led_toggle.o
 .debug_macro   0x0001246e       0x29 led_toggle.o
 .debug_macro   0x00012497       0x51 led_toggle.o
 .debug_macro   0x000124e8       0x3f led_toggle.o
 .debug_macro   0x00012527      0x3df led_toggle.o
 .debug_macro   0x00012906      0x24f led_toggle.o
 .debug_macro   0x00012b55      0x869 led_toggle.o
 .debug_macro   0x000133be       0x11 led_toggle.o
 .debug_macro   0x000133cf       0x11 led_toggle.o
 .debug_macro   0x000133e0       0x2e led_toggle.o
 .debug_macro   0x0001340e       0x10 led_toggle.o
 .debug_macro   0x0001341e       0x76 led_toggle.o
 .debug_macro   0x00013494       0x1c led_toggle.o
 .debug_macro   0x000134b0       0x16 led_toggle.o
 .debug_macro   0x000134c6      0x45e common/utils/interrupt/interrupt_sam_nvic.o
 .debug_macro   0x00013924      0x499 common2/services/delay/sam0/systick_counter.o
 .debug_macro   0x00013dbd       0x16 common2/services/delay/sam0/systick_counter.o
 .debug_macro   0x00013dd3      0x4a0 sam0/boards/femtousb/board_init.o
 .debug_macro   0x00014273      0x4d0 sam0/drivers/system/clock/clock_samd21_r21/clock.o
 .debug_macro   0x00014743      0x26c sam0/drivers/system/clock/clock_samd21_r21/clock.o
 .debug_macro   0x000149af      0x494 sam0/drivers/system/clock/clock_samd21_r21/gclk.o
 .debug_macro   0x00014e43      0x4a2 sam0/drivers/system/system.o
 .debug_macro   0x000152e5      0x2b8 sam0/utils/cmsis/samd21/source/gcc/startup_samd21.o
 .debug_macro   0x0001559d       0x3a sam0/utils/cmsis/samd21/source/gcc/startup_samd21.o

.debug_line     0x00000000     0x4493
 .debug_line    0x00000000      0xaa7 led_toggle.o
 .debug_line    0x00000aa7      0x73b common/utils/interrupt/interrupt_sam_nvic.o
 .debug_line    0x000011e2      0x7ff common2/services/delay/sam0/systick_counter.o
 .debug_line    0x000019e1      0x7e7 sam0/boards/femtousb/board_init.o
 .debug_line    0x000021c8      0xab9 sam0/drivers/system/clock/clock_samd21_r21/clock.o
 .debug_line    0x00002c81      0xadc sam0/drivers/system/clock/clock_samd21_r21/gclk.o
 .debug_line    0x0000375d      0x839 sam0/drivers/system/system.o
 .debug_line    0x00003f96      0x4fd sam0/utils/cmsis/samd21/source/gcc/startup_samd21.o

.debug_str      0x00000000    0x7fca2
 .debug_str     0x00000000    0x7bcaf led_toggle.o
                              0x7c547 (size before relaxing)
 .debug_str     0x0007bcaf       0x90 common/utils/interrupt/interrupt_sam_nvic.o
                              0x78c48 (size before relaxing)
 .debug_str     0x0007bd3f       0xa1 common2/services/delay/sam0/systick_counter.o
                              0x78e1b (size before relaxing)
 .debug_str     0x0007bde0       0x34 sam0/boards/femtousb/board_init.o
                              0x7bc83 (size before relaxing)
 .debug_str     0x0007be14     0x2cef sam0/drivers/system/clock/clock_samd21_r21/clock.o
                              0x7bc1c (size before relaxing)
 .debug_str     0x0007eb03      0x262 sam0/drivers/system/clock/clock_samd21_r21/gclk.o
                              0x798e0 (size before relaxing)
 .debug_str     0x0007ed65       0x30 sam0/drivers/system/system.o
                              0x78ccd (size before relaxing)
 .debug_str     0x0007ed95      0xf0d sam0/utils/cmsis/samd21/source/gcc/startup_samd21.o
                              0x66d48 (size before relaxing)

.debug_frame    0x00000000      0x43c
 .debug_frame   0x00000000       0x2c led_toggle.o
 .debug_frame   0x0000002c       0x30 common/utils/interrupt/interrupt_sam_nvic.o
 .debug_frame   0x0000005c       0x60 common2/services/delay/sam0/systick_counter.o
 .debug_frame   0x000000bc       0x20 sam0/boards/femtousb/board_init.o
 .debug_frame   0x000000dc      0x158 sam0/drivers/system/clock/clock_samd21_r21/clock.o
 .debug_frame   0x00000234      0x148 sam0/drivers/system/clock/clock_samd21_r21/gclk.o
 .debug_frame   0x0000037c       0x38 sam0/drivers/system/system.o
 .debug_frame   0x000003b4       0x3c sam0/utils/cmsis/samd21/source/gcc/startup_samd21.o
 .debug_frame   0x000003f0       0x20 /usr/bin/../lib/gcc/arm-none-eabi/4.9.3/armv6-m/libgcc.a(_udivsi3.o)
 .debug_frame   0x00000410       0x2c /usr/bin/../lib/gcc/arm-none-eabi/4.9.3/../../../../arm-none-eabi/lib/armv6-m/libc_nano.a(lib_a-init.o)

.debug_loc      0x00000000     0x123f
 .debug_loc     0x00000000       0x1e common/utils/interrupt/interrupt_sam_nvic.o
 .debug_loc     0x0000001e       0x84 common2/services/delay/sam0/systick_counter.o
 .debug_loc     0x000000a2      0xdff sam0/drivers/system/clock/clock_samd21_r21/clock.o
 .debug_loc     0x00000ea1      0x39e sam0/drivers/system/clock/clock_samd21_r21/gclk.o

Cross Reference Table

Symbol                                            File
AC_Handler                                        sam0/utils/cmsis/samd21/source/gcc/startup_samd21.o
ADC_Handler                                       sam0/utils/cmsis/samd21/source/gcc/startup_samd21.o
DAC_Handler                                       sam0/utils/cmsis/samd21/source/gcc/startup_samd21.o
DMAC_Handler                                      sam0/utils/cmsis/samd21/source/gcc/startup_samd21.o
Dummy_Handler                                     sam0/utils/cmsis/samd21/source/gcc/startup_samd21.o
EIC_Handler                                       sam0/utils/cmsis/samd21/source/gcc/startup_samd21.o
EVSYS_Handler                                     sam0/utils/cmsis/samd21/source/gcc/startup_samd21.o
HardFault_Handler                                 sam0/utils/cmsis/samd21/source/gcc/startup_samd21.o
I2S_Handler                                       sam0/utils/cmsis/samd21/source/gcc/startup_samd21.o
NMI_Handler                                       sam0/utils/cmsis/samd21/source/gcc/startup_samd21.o
NVMCTRL_Handler                                   sam0/utils/cmsis/samd21/source/gcc/startup_samd21.o
PM_Handler                                        sam0/utils/cmsis/samd21/source/gcc/startup_samd21.o
PTC_Handler                                       sam0/utils/cmsis/samd21/source/gcc/startup_samd21.o
PendSV_Handler                                    sam0/utils/cmsis/samd21/source/gcc/startup_samd21.o
RTC_Handler                                       sam0/utils/cmsis/samd21/source/gcc/startup_samd21.o
Reset_Handler                                     sam0/utils/cmsis/samd21/source/gcc/startup_samd21.o
SERCOM0_Handler                                   sam0/utils/cmsis/samd21/source/gcc/startup_samd21.o
SERCOM1_Handler                                   sam0/utils/cmsis/samd21/source/gcc/startup_samd21.o
SERCOM2_Handler                                   sam0/utils/cmsis/samd21/source/gcc/startup_samd21.o
SERCOM3_Handler                                   sam0/utils/cmsis/samd21/source/gcc/startup_samd21.o
SERCOM4_Handler                                   sam0/utils/cmsis/samd21/source/gcc/startup_samd21.o
SERCOM5_Handler                                   sam0/utils/cmsis/samd21/source/gcc/startup_samd21.o
SVC_Handler                                       sam0/utils/cmsis/samd21/source/gcc/startup_samd21.o
SYSCTRL_Handler                                   sam0/utils/cmsis/samd21/source/gcc/startup_samd21.o
SysTick_Handler                                   sam0/utils/cmsis/samd21/source/gcc/startup_samd21.o
SystemCoreClock                                   sam0/utils/cmsis/samd21/source/system_samd21.o
SystemCoreClockUpdate                             sam0/utils/cmsis/samd21/source/system_samd21.o
SystemInit                                        sam0/utils/cmsis/samd21/source/system_samd21.o
TC3_Handler                                       sam0/utils/cmsis/samd21/source/gcc/startup_samd21.o
TC4_Handler                                       sam0/utils/cmsis/samd21/source/gcc/startup_samd21.o
TC5_Handler                                       sam0/utils/cmsis/samd21/source/gcc/startup_samd21.o
TC6_Handler                                       sam0/utils/cmsis/samd21/source/gcc/startup_samd21.o
TC7_Handler                                       sam0/utils/cmsis/samd21/source/gcc/startup_samd21.o
TCC0_Handler                                      sam0/utils/cmsis/samd21/source/gcc/startup_samd21.o
TCC1_Handler                                      sam0/utils/cmsis/samd21/source/gcc/startup_samd21.o
TCC2_Handler                                      sam0/utils/cmsis/samd21/source/gcc/startup_samd21.o
USB_Handler                                       sam0/utils/cmsis/samd21/source/gcc/startup_samd21.o
WDT_Handler                                       sam0/utils/cmsis/samd21/source/gcc/startup_samd21.o
_Jv_RegisterClasses                               /usr/bin/../lib/gcc/arm-none-eabi/4.9.3/armv6-m/crtbegin.o
__aeabi_idiv                                      /usr/bin/../lib/gcc/arm-none-eabi/4.9.3/armv6-m/libgcc.a(_divsi3.o)
                                                  /usr/bin/../lib/gcc/arm-none-eabi/4.9.3/../../../../arm-none-eabi/lib/armv6-m/libc_nano.a(lib_a-fvwrite.o)
__aeabi_idiv0                                     /usr/bin/../lib/gcc/arm-none-eabi/4.9.3/armv6-m/libgcc.a(_dvmd_tls.o)
                                                  /usr/bin/../lib/gcc/arm-none-eabi/4.9.3/armv6-m/libgcc.a(_divsi3.o)
                                                  /usr/bin/../lib/gcc/arm-none-eabi/4.9.3/armv6-m/libgcc.a(_udivsi3.o)
__aeabi_idivmod                                   /usr/bin/../lib/gcc/arm-none-eabi/4.9.3/armv6-m/libgcc.a(_divsi3.o)
__aeabi_ldiv0                                     /usr/bin/../lib/gcc/arm-none-eabi/4.9.3/armv6-m/libgcc.a(_dvmd_tls.o)
__aeabi_uidiv                                     /usr/bin/../lib/gcc/arm-none-eabi/4.9.3/armv6-m/libgcc.a(_udivsi3.o)
                                                  /usr/bin/../lib/gcc/arm-none-eabi/4.9.3/../../../../arm-none-eabi/lib/armv6-m/libc_nano.a(lib_a-nano-vfprintf_i.o)
                                                  sam0/drivers/system/clock/clock_samd21_r21/gclk.o
                                                  sam0/drivers/system/clock/clock_samd21_r21/clock.o
                                                  common2/services/delay/sam0/systick_counter.o
__aeabi_uidivmod                                  /usr/bin/../lib/gcc/arm-none-eabi/4.9.3/armv6-m/libgcc.a(_udivsi3.o)
                                                  /usr/bin/../lib/gcc/arm-none-eabi/4.9.3/../../../../arm-none-eabi/lib/armv6-m/libc_nano.a(lib_a-nano-vfprintf_i.o)
__bss_end__                                       /usr/bin/../lib/gcc/arm-none-eabi/4.9.3/../../../../arm-none-eabi/lib/armv6-m/crt0.o
__bss_start__                                     /usr/bin/../lib/gcc/arm-none-eabi/4.9.3/../../../../arm-none-eabi/lib/armv6-m/crt0.o
__call_exitprocs                                  /usr/bin/../lib/gcc/arm-none-eabi/4.9.3/../../../../arm-none-eabi/lib/armv6-m/libc_nano.a(lib_a-exit.o)
__deregister_frame_info                           /usr/bin/../lib/gcc/arm-none-eabi/4.9.3/armv6-m/crtbegin.o
__divsi3                                          /usr/bin/../lib/gcc/arm-none-eabi/4.9.3/armv6-m/libgcc.a(_divsi3.o)
__dso_handle                                      /usr/bin/../lib/gcc/arm-none-eabi/4.9.3/armv6-m/crtbegin.o
__fp_lock_all                                     /usr/bin/../lib/gcc/arm-none-eabi/4.9.3/../../../../arm-none-eabi/lib/armv6-m/libc_nano.a(lib_a-findfp.o)
__fp_unlock_all                                   /usr/bin/../lib/gcc/arm-none-eabi/4.9.3/../../../../arm-none-eabi/lib/armv6-m/libc_nano.a(lib_a-findfp.o)
__init_array_end                                  /usr/bin/../lib/gcc/arm-none-eabi/4.9.3/../../../../arm-none-eabi/lib/armv6-m/libc_nano.a(lib_a-init.o)
__init_array_start                                /usr/bin/../lib/gcc/arm-none-eabi/4.9.3/../../../../arm-none-eabi/lib/armv6-m/libc_nano.a(lib_a-init.o)
__libc_fini_array                                 /usr/bin/../lib/gcc/arm-none-eabi/4.9.3/../../../../arm-none-eabi/lib/armv6-m/crt0.o
__libc_init_array                                 /usr/bin/../lib/gcc/arm-none-eabi/4.9.3/../../../../arm-none-eabi/lib/armv6-m/libc_nano.a(lib_a-init.o)
                                                  sam0/utils/cmsis/samd21/source/gcc/startup_samd21.o
                                                  /usr/bin/../lib/gcc/arm-none-eabi/4.9.3/../../../../arm-none-eabi/lib/armv6-m/crt0.o
__malloc_free_list                                /usr/bin/../lib/gcc/arm-none-eabi/4.9.3/../../../../arm-none-eabi/lib/armv6-m/libc_nano.a(lib_a-nano-mallocr.o)
                                                  /usr/bin/../lib/gcc/arm-none-eabi/4.9.3/../../../../arm-none-eabi/lib/armv6-m/libc_nano.a(lib_a-nano-freer.o)
__malloc_sbrk_start                               /usr/bin/../lib/gcc/arm-none-eabi/4.9.3/../../../../arm-none-eabi/lib/armv6-m/libc_nano.a(lib_a-nano-mallocr.o)
__preinit_array_end                               /usr/bin/../lib/gcc/arm-none-eabi/4.9.3/../../../../arm-none-eabi/lib/armv6-m/libc_nano.a(lib_a-init.o)
__preinit_array_start                             /usr/bin/../lib/gcc/arm-none-eabi/4.9.3/../../../../arm-none-eabi/lib/armv6-m/libc_nano.a(lib_a-init.o)
__register_frame_info                             /usr/bin/../lib/gcc/arm-none-eabi/4.9.3/armv6-m/crtbegin.o
__sclose                                          /usr/bin/../lib/gcc/arm-none-eabi/4.9.3/../../../../arm-none-eabi/lib/armv6-m/libc_nano.a(lib_a-stdio.o)
                                                  /usr/bin/../lib/gcc/arm-none-eabi/4.9.3/../../../../arm-none-eabi/lib/armv6-m/libc_nano.a(lib_a-findfp.o)
__seofread                                        /usr/bin/../lib/gcc/arm-none-eabi/4.9.3/../../../../arm-none-eabi/lib/armv6-m/libc_nano.a(lib_a-stdio.o)
__sf_fake_stderr                                  /usr/bin/../lib/gcc/arm-none-eabi/4.9.3/../../../../arm-none-eabi/lib/armv6-m/libc_nano.a(lib_a-findfp.o)
                                                  /usr/bin/../lib/gcc/arm-none-eabi/4.9.3/../../../../arm-none-eabi/lib/armv6-m/libc_nano.a(lib_a-fflush.o)
                                                  /usr/bin/../lib/gcc/arm-none-eabi/4.9.3/../../../../arm-none-eabi/lib/armv6-m/libc_nano.a(lib_a-wsetup.o)
                                                  /usr/bin/../lib/gcc/arm-none-eabi/4.9.3/../../../../arm-none-eabi/lib/armv6-m/libc_nano.a(lib_a-wbuf.o)
                                                  /usr/bin/../lib/gcc/arm-none-eabi/4.9.3/../../../../arm-none-eabi/lib/armv6-m/libc_nano.a(lib_a-nano-vfprintf.o)
                                                  /usr/bin/../lib/gcc/arm-none-eabi/4.9.3/../../../../arm-none-eabi/lib/armv6-m/libc_nano.a(lib_a-impure.o)
__sf_fake_stdin                                   /usr/bin/../lib/gcc/arm-none-eabi/4.9.3/../../../../arm-none-eabi/lib/armv6-m/libc_nano.a(lib_a-findfp.o)
                                                  /usr/bin/../lib/gcc/arm-none-eabi/4.9.3/../../../../arm-none-eabi/lib/armv6-m/libc_nano.a(lib_a-fflush.o)
                                                  /usr/bin/../lib/gcc/arm-none-eabi/4.9.3/../../../../arm-none-eabi/lib/armv6-m/libc_nano.a(lib_a-wsetup.o)
                                                  /usr/bin/../lib/gcc/arm-none-eabi/4.9.3/../../../../arm-none-eabi/lib/armv6-m/libc_nano.a(lib_a-wbuf.o)
                                                  /usr/bin/../lib/gcc/arm-none-eabi/4.9.3/../../../../arm-none-eabi/lib/armv6-m/libc_nano.a(lib_a-nano-vfprintf.o)
                                                  /usr/bin/../lib/gcc/arm-none-eabi/4.9.3/../../../../arm-none-eabi/lib/armv6-m/libc_nano.a(lib_a-impure.o)
__sf_fake_stdout                                  /usr/bin/../lib/gcc/arm-none-eabi/4.9.3/../../../../arm-none-eabi/lib/armv6-m/libc_nano.a(lib_a-findfp.o)
                                                  /usr/bin/../lib/gcc/arm-none-eabi/4.9.3/../../../../arm-none-eabi/lib/armv6-m/libc_nano.a(lib_a-fflush.o)
                                                  /usr/bin/../lib/gcc/arm-none-eabi/4.9.3/../../../../arm-none-eabi/lib/armv6-m/libc_nano.a(lib_a-wsetup.o)
                                                  /usr/bin/../lib/gcc/arm-none-eabi/4.9.3/../../../../arm-none-eabi/lib/armv6-m/libc_nano.a(lib_a-wbuf.o)
                                                  /usr/bin/../lib/gcc/arm-none-eabi/4.9.3/../../../../arm-none-eabi/lib/armv6-m/libc_nano.a(lib_a-nano-vfprintf.o)
                                                  /usr/bin/../lib/gcc/arm-none-eabi/4.9.3/../../../../arm-none-eabi/lib/armv6-m/libc_nano.a(lib_a-impure.o)
__sflush_r                                        /usr/bin/../lib/gcc/arm-none-eabi/4.9.3/../../../../arm-none-eabi/lib/armv6-m/libc_nano.a(lib_a-fflush.o)
__sfmoreglue                                      /usr/bin/../lib/gcc/arm-none-eabi/4.9.3/../../../../arm-none-eabi/lib/armv6-m/libc_nano.a(lib_a-findfp.o)
__sfp                                             /usr/bin/../lib/gcc/arm-none-eabi/4.9.3/../../../../arm-none-eabi/lib/armv6-m/libc_nano.a(lib_a-findfp.o)
__sfp_lock_acquire                                /usr/bin/../lib/gcc/arm-none-eabi/4.9.3/../../../../arm-none-eabi/lib/armv6-m/libc_nano.a(lib_a-findfp.o)
__sfp_lock_release                                /usr/bin/../lib/gcc/arm-none-eabi/4.9.3/../../../../arm-none-eabi/lib/armv6-m/libc_nano.a(lib_a-findfp.o)
__sfputs_r                                        /usr/bin/../lib/gcc/arm-none-eabi/4.9.3/../../../../arm-none-eabi/lib/armv6-m/libc_nano.a(lib_a-nano-vfprintf.o)
__sfvwrite_r                                      /usr/bin/../lib/gcc/arm-none-eabi/4.9.3/../../../../arm-none-eabi/lib/armv6-m/libc_nano.a(lib_a-fvwrite.o)
                                                  /usr/bin/../lib/gcc/arm-none-eabi/4.9.3/../../../../arm-none-eabi/lib/armv6-m/libc_nano.a(lib_a-nano-vfprintf.o)
__sinit                                           /usr/bin/../lib/gcc/arm-none-eabi/4.9.3/../../../../arm-none-eabi/lib/armv6-m/libc_nano.a(lib_a-findfp.o)
                                                  /usr/bin/../lib/gcc/arm-none-eabi/4.9.3/../../../../arm-none-eabi/lib/armv6-m/libc_nano.a(lib_a-fflush.o)
                                                  /usr/bin/../lib/gcc/arm-none-eabi/4.9.3/../../../../arm-none-eabi/lib/armv6-m/libc_nano.a(lib_a-wsetup.o)
                                                  /usr/bin/../lib/gcc/arm-none-eabi/4.9.3/../../../../arm-none-eabi/lib/armv6-m/libc_nano.a(lib_a-wbuf.o)
                                                  /usr/bin/../lib/gcc/arm-none-eabi/4.9.3/../../../../arm-none-eabi/lib/armv6-m/libc_nano.a(lib_a-nano-vfprintf.o)
                                                  /usr/bin/../lib/gcc/arm-none-eabi/4.9.3/../../../../arm-none-eabi/lib/armv6-m/libc_nano.a(lib_a-printf.o)
__sinit_lock_acquire                              /usr/bin/../lib/gcc/arm-none-eabi/4.9.3/../../../../arm-none-eabi/lib/armv6-m/libc_nano.a(lib_a-findfp.o)
__sinit_lock_release                              /usr/bin/../lib/gcc/arm-none-eabi/4.9.3/../../../../arm-none-eabi/lib/armv6-m/libc_nano.a(lib_a-findfp.o)
__smakebuf_r                                      /usr/bin/../lib/gcc/arm-none-eabi/4.9.3/../../../../arm-none-eabi/lib/armv6-m/libc_nano.a(lib_a-makebuf.o)
                                                  /usr/bin/../lib/gcc/arm-none-eabi/4.9.3/../../../../arm-none-eabi/lib/armv6-m/libc_nano.a(lib_a-wsetup.o)
__sprint_r                                        /usr/bin/../lib/gcc/arm-none-eabi/4.9.3/../../../../arm-none-eabi/lib/armv6-m/libc_nano.a(lib_a-nano-vfprintf.o)
__sread                                           /usr/bin/../lib/gcc/arm-none-eabi/4.9.3/../../../../arm-none-eabi/lib/armv6-m/libc_nano.a(lib_a-stdio.o)
                                                  /usr/bin/../lib/gcc/arm-none-eabi/4.9.3/../../../../arm-none-eabi/lib/armv6-m/libc_nano.a(lib_a-findfp.o)
__sseek                                           /usr/bin/../lib/gcc/arm-none-eabi/4.9.3/../../../../arm-none-eabi/lib/armv6-m/libc_nano.a(lib_a-stdio.o)
                                                  /usr/bin/../lib/gcc/arm-none-eabi/4.9.3/../../../../arm-none-eabi/lib/armv6-m/libc_nano.a(lib_a-findfp.o)
__stack                                           /usr/bin/../lib/gcc/arm-none-eabi/4.9.3/../../../../arm-none-eabi/lib/armv6-m/crt0.o
__swbuf                                           /usr/bin/../lib/gcc/arm-none-eabi/4.9.3/../../../../arm-none-eabi/lib/armv6-m/libc_nano.a(lib_a-wbuf.o)
__swbuf_r                                         /usr/bin/../lib/gcc/arm-none-eabi/4.9.3/../../../../arm-none-eabi/lib/armv6-m/libc_nano.a(lib_a-wbuf.o)
                                                  /usr/bin/../lib/gcc/arm-none-eabi/4.9.3/../../../../arm-none-eabi/lib/armv6-m/libc_nano.a(lib_a-nano-vfprintf.o)
__swrite                                          /usr/bin/../lib/gcc/arm-none-eabi/4.9.3/../../../../arm-none-eabi/lib/armv6-m/libc_nano.a(lib_a-stdio.o)
                                                  /usr/bin/../lib/gcc/arm-none-eabi/4.9.3/../../../../arm-none-eabi/lib/armv6-m/libc_nano.a(lib_a-findfp.o)
__swsetup_r                                       /usr/bin/../lib/gcc/arm-none-eabi/4.9.3/../../../../arm-none-eabi/lib/armv6-m/libc_nano.a(lib_a-wsetup.o)
                                                  /usr/bin/../lib/gcc/arm-none-eabi/4.9.3/../../../../arm-none-eabi/lib/armv6-m/libc_nano.a(lib_a-fvwrite.o)
                                                  /usr/bin/../lib/gcc/arm-none-eabi/4.9.3/../../../../arm-none-eabi/lib/armv6-m/libc_nano.a(lib_a-wbuf.o)
                                                  /usr/bin/../lib/gcc/arm-none-eabi/4.9.3/../../../../arm-none-eabi/lib/armv6-m/libc_nano.a(lib_a-nano-vfprintf.o)
__udivsi3                                         /usr/bin/../lib/gcc/arm-none-eabi/4.9.3/armv6-m/libgcc.a(_udivsi3.o)
_cleanup                                          /usr/bin/../lib/gcc/arm-none-eabi/4.9.3/../../../../arm-none-eabi/lib/armv6-m/libc_nano.a(lib_a-findfp.o)
_cleanup_r                                        /usr/bin/../lib/gcc/arm-none-eabi/4.9.3/../../../../arm-none-eabi/lib/armv6-m/libc_nano.a(lib_a-findfp.o)
                                                  /usr/bin/../lib/gcc/arm-none-eabi/4.9.3/../../../../arm-none-eabi/lib/armv6-m/libc_nano.a(lib_a-makebuf.o)
_close                                            sam0/utils/syscalls/gcc/syscalls.o
                                                  /usr/bin/../lib/gcc/arm-none-eabi/4.9.3/../../../../arm-none-eabi/lib/armv6-m/libc_nano.a(lib_a-closer.o)
_close_r                                          /usr/bin/../lib/gcc/arm-none-eabi/4.9.3/../../../../arm-none-eabi/lib/armv6-m/libc_nano.a(lib_a-closer.o)
                                                  /usr/bin/../lib/gcc/arm-none-eabi/4.9.3/../../../../arm-none-eabi/lib/armv6-m/libc_nano.a(lib_a-stdio.o)
_end                                              sam0/utils/syscalls/gcc/syscalls.o
_erelocate                                        sam0/utils/cmsis/samd21/source/gcc/startup_samd21.o
_estack                                           sam0/utils/cmsis/samd21/source/gcc/startup_samd21.o
_etext                                            sam0/utils/cmsis/samd21/source/gcc/startup_samd21.o
_exit                                             sam0/utils/syscalls/gcc/syscalls.o
                                                  /usr/bin/../lib/gcc/arm-none-eabi/4.9.3/../../../../arm-none-eabi/lib/armv6-m/libc_nano.a(lib_a-exit.o)
_ezero                                            sam0/utils/cmsis/samd21/source/gcc/startup_samd21.o
_fflush_r                                         /usr/bin/../lib/gcc/arm-none-eabi/4.9.3/../../../../arm-none-eabi/lib/armv6-m/libc_nano.a(lib_a-fflush.o)
                                                  /usr/bin/../lib/gcc/arm-none-eabi/4.9.3/../../../../arm-none-eabi/lib/armv6-m/libc_nano.a(lib_a-fvwrite.o)
                                                  /usr/bin/../lib/gcc/arm-none-eabi/4.9.3/../../../../arm-none-eabi/lib/armv6-m/libc_nano.a(lib_a-wbuf.o)
                                                  /usr/bin/../lib/gcc/arm-none-eabi/4.9.3/../../../../arm-none-eabi/lib/armv6-m/libc_nano.a(lib_a-findfp.o)
_fini                                             /usr/bin/../lib/gcc/arm-none-eabi/4.9.3/armv6-m/crti.o
_free_r                                           /usr/bin/../lib/gcc/arm-none-eabi/4.9.3/../../../../arm-none-eabi/lib/armv6-m/libc_nano.a(lib_a-nano-freer.o)
                                                  /usr/bin/../lib/gcc/arm-none-eabi/4.9.3/../../../../arm-none-eabi/lib/armv6-m/libc_nano.a(lib_a-reent.o)
                                                  /usr/bin/../lib/gcc/arm-none-eabi/4.9.3/../../../../arm-none-eabi/lib/armv6-m/libc_nano.a(lib_a-nano-reallocr.o)
                                                  /usr/bin/../lib/gcc/arm-none-eabi/4.9.3/../../../../arm-none-eabi/lib/armv6-m/libc_nano.a(lib_a-fvwrite.o)
                                                  /usr/bin/../lib/gcc/arm-none-eabi/4.9.3/../../../../arm-none-eabi/lib/armv6-m/libc_nano.a(lib_a-fflush.o)
                                                  /usr/bin/../lib/gcc/arm-none-eabi/4.9.3/../../../../arm-none-eabi/lib/armv6-m/libc_nano.a(lib_a-wsetup.o)
_fstat                                            sam0/utils/syscalls/gcc/syscalls.o
                                                  /usr/bin/../lib/gcc/arm-none-eabi/4.9.3/../../../../arm-none-eabi/lib/armv6-m/libc_nano.a(lib_a-fstatr.o)
_fstat_r                                          /usr/bin/../lib/gcc/arm-none-eabi/4.9.3/../../../../arm-none-eabi/lib/armv6-m/libc_nano.a(lib_a-fstatr.o)
                                                  /usr/bin/../lib/gcc/arm-none-eabi/4.9.3/../../../../arm-none-eabi/lib/armv6-m/libc_nano.a(lib_a-makebuf.o)
_fwalk                                            /usr/bin/../lib/gcc/arm-none-eabi/4.9.3/../../../../arm-none-eabi/lib/armv6-m/libc_nano.a(lib_a-fwalk.o)
                                                  /usr/bin/../lib/gcc/arm-none-eabi/4.9.3/../../../../arm-none-eabi/lib/armv6-m/libc_nano.a(lib_a-findfp.o)
_fwalk_reent                                      /usr/bin/../lib/gcc/arm-none-eabi/4.9.3/../../../../arm-none-eabi/lib/armv6-m/libc_nano.a(lib_a-fwalk.o)
                                                  /usr/bin/../lib/gcc/arm-none-eabi/4.9.3/../../../../arm-none-eabi/lib/armv6-m/libc_nano.a(lib_a-fflush.o)
                                                  /usr/bin/../lib/gcc/arm-none-eabi/4.9.3/../../../../arm-none-eabi/lib/armv6-m/libc_nano.a(lib_a-findfp.o)
_getpid                                           sam0/utils/syscalls/gcc/syscalls.o
_global_impure_ptr                                /usr/bin/../lib/gcc/arm-none-eabi/4.9.3/../../../../arm-none-eabi/lib/armv6-m/libc_nano.a(lib_a-impure.o)
                                                  /usr/bin/../lib/gcc/arm-none-eabi/4.9.3/../../../../arm-none-eabi/lib/armv6-m/libc_nano.a(lib_a-fflush.o)
                                                  /usr/bin/../lib/gcc/arm-none-eabi/4.9.3/../../../../arm-none-eabi/lib/armv6-m/libc_nano.a(lib_a-findfp.o)
                                                  /usr/bin/../lib/gcc/arm-none-eabi/4.9.3/../../../../arm-none-eabi/lib/armv6-m/libc_nano.a(lib_a-exit.o)
_impure_ptr                                       /usr/bin/../lib/gcc/arm-none-eabi/4.9.3/../../../../arm-none-eabi/lib/armv6-m/libc_nano.a(lib_a-impure.o)
                                                  /usr/bin/../lib/gcc/arm-none-eabi/4.9.3/../../../../arm-none-eabi/lib/armv6-m/libc_nano.a(lib_a-reent.o)
                                                  /usr/bin/../lib/gcc/arm-none-eabi/4.9.3/../../../../arm-none-eabi/lib/armv6-m/libc_nano.a(lib_a-fflush.o)
                                                  /usr/bin/../lib/gcc/arm-none-eabi/4.9.3/../../../../arm-none-eabi/lib/armv6-m/libc_nano.a(lib_a-wsetup.o)
                                                  /usr/bin/../lib/gcc/arm-none-eabi/4.9.3/../../../../arm-none-eabi/lib/armv6-m/libc_nano.a(lib_a-wbuf.o)
                                                  /usr/bin/../lib/gcc/arm-none-eabi/4.9.3/../../../../arm-none-eabi/lib/armv6-m/libc_nano.a(lib_a-nano-vfprintf.o)
                                                  /usr/bin/../lib/gcc/arm-none-eabi/4.9.3/../../../../arm-none-eabi/lib/armv6-m/libc_nano.a(lib_a-findfp.o)
                                                  /usr/bin/../lib/gcc/arm-none-eabi/4.9.3/../../../../arm-none-eabi/lib/armv6-m/libc_nano.a(lib_a-printf.o)
_init                                             /usr/bin/../lib/gcc/arm-none-eabi/4.9.3/armv6-m/crti.o
                                                  /usr/bin/../lib/gcc/arm-none-eabi/4.9.3/../../../../arm-none-eabi/lib/armv6-m/libc_nano.a(lib_a-init.o)
_iprintf_r                                        /usr/bin/../lib/gcc/arm-none-eabi/4.9.3/../../../../arm-none-eabi/lib/armv6-m/libc_nano.a(lib_a-printf.o)
_isatty                                           sam0/utils/syscalls/gcc/syscalls.o
                                                  /usr/bin/../lib/gcc/arm-none-eabi/4.9.3/../../../../arm-none-eabi/lib/armv6-m/libc_nano.a(lib_a-isattyr.o)
_isatty_r                                         /usr/bin/../lib/gcc/arm-none-eabi/4.9.3/../../../../arm-none-eabi/lib/armv6-m/libc_nano.a(lib_a-isattyr.o)
                                                  /usr/bin/../lib/gcc/arm-none-eabi/4.9.3/../../../../arm-none-eabi/lib/armv6-m/libc_nano.a(lib_a-makebuf.o)
_kill                                             sam0/utils/syscalls/gcc/syscalls.o
_lseek                                            sam0/utils/syscalls/gcc/syscalls.o
                                                  /usr/bin/../lib/gcc/arm-none-eabi/4.9.3/../../../../arm-none-eabi/lib/armv6-m/libc_nano.a(lib_a-lseekr.o)
_lseek_r                                          /usr/bin/../lib/gcc/arm-none-eabi/4.9.3/../../../../arm-none-eabi/lib/armv6-m/libc_nano.a(lib_a-lseekr.o)
                                                  /usr/bin/../lib/gcc/arm-none-eabi/4.9.3/../../../../arm-none-eabi/lib/armv6-m/libc_nano.a(lib_a-stdio.o)
_mainCRTStartup                                   /usr/bin/../lib/gcc/arm-none-eabi/4.9.3/../../../../arm-none-eabi/lib/armv6-m/crt0.o
_malloc_r                                         /usr/bin/../lib/gcc/arm-none-eabi/4.9.3/../../../../arm-none-eabi/lib/armv6-m/libc_nano.a(lib_a-nano-mallocr.o)
                                                  /usr/bin/../lib/gcc/arm-none-eabi/4.9.3/../../../../arm-none-eabi/lib/armv6-m/libc_nano.a(lib_a-nano-reallocr.o)
                                                  /usr/bin/../lib/gcc/arm-none-eabi/4.9.3/../../../../arm-none-eabi/lib/armv6-m/libc_nano.a(lib_a-makebuf.o)
                                                  /usr/bin/../lib/gcc/arm-none-eabi/4.9.3/../../../../arm-none-eabi/lib/armv6-m/libc_nano.a(lib_a-fvwrite.o)
                                                  /usr/bin/../lib/gcc/arm-none-eabi/4.9.3/../../../../arm-none-eabi/lib/armv6-m/libc_nano.a(lib_a-findfp.o)
_malloc_usable_size_r                             /usr/bin/../lib/gcc/arm-none-eabi/4.9.3/../../../../arm-none-eabi/lib/armv6-m/libc_nano.a(lib_a-nano-msizer.o)
                                                  /usr/bin/../lib/gcc/arm-none-eabi/4.9.3/../../../../arm-none-eabi/lib/armv6-m/libc_nano.a(lib_a-nano-reallocr.o)
_printf_common                                    /usr/bin/../lib/gcc/arm-none-eabi/4.9.3/../../../../arm-none-eabi/lib/armv6-m/libc_nano.a(lib_a-nano-vfprintf_i.o)
_printf_float                                     /usr/bin/../lib/gcc/arm-none-eabi/4.9.3/../../../../arm-none-eabi/lib/armv6-m/libc_nano.a(lib_a-nano-vfprintf.o)
_printf_i                                         /usr/bin/../lib/gcc/arm-none-eabi/4.9.3/../../../../arm-none-eabi/lib/armv6-m/libc_nano.a(lib_a-nano-vfprintf_i.o)
                                                  /usr/bin/../lib/gcc/arm-none-eabi/4.9.3/../../../../arm-none-eabi/lib/armv6-m/libc_nano.a(lib_a-nano-vfprintf.o)
_printf_r                                         /usr/bin/../lib/gcc/arm-none-eabi/4.9.3/../../../../arm-none-eabi/lib/armv6-m/libc_nano.a(lib_a-printf.o)
_read                                             /usr/bin/../lib/gcc/arm-none-eabi/4.9.3/../../../../arm-none-eabi/lib/armv6-m/libc_nano.a(lib_a-readr.o)
_read_r                                           /usr/bin/../lib/gcc/arm-none-eabi/4.9.3/../../../../arm-none-eabi/lib/armv6-m/libc_nano.a(lib_a-readr.o)
                                                  /usr/bin/../lib/gcc/arm-none-eabi/4.9.3/../../../../arm-none-eabi/lib/armv6-m/libc_nano.a(lib_a-stdio.o)
_realloc_r                                        /usr/bin/../lib/gcc/arm-none-eabi/4.9.3/../../../../arm-none-eabi/lib/armv6-m/libc_nano.a(lib_a-nano-reallocr.o)
                                                  /usr/bin/../lib/gcc/arm-none-eabi/4.9.3/../../../../arm-none-eabi/lib/armv6-m/libc_nano.a(lib_a-fvwrite.o)
_reclaim_reent                                    /usr/bin/../lib/gcc/arm-none-eabi/4.9.3/../../../../arm-none-eabi/lib/armv6-m/libc_nano.a(lib_a-reent.o)
_sbrk                                             sam0/utils/syscalls/gcc/syscalls.o
                                                  /usr/bin/../lib/gcc/arm-none-eabi/4.9.3/../../../../arm-none-eabi/lib/armv6-m/libc_nano.a(lib_a-sbrkr.o)
_sbrk_r                                           /usr/bin/../lib/gcc/arm-none-eabi/4.9.3/../../../../arm-none-eabi/lib/armv6-m/libc_nano.a(lib_a-sbrkr.o)
                                                  /usr/bin/../lib/gcc/arm-none-eabi/4.9.3/../../../../arm-none-eabi/lib/armv6-m/libc_nano.a(lib_a-nano-mallocr.o)
_sfixed                                           sam0/utils/cmsis/samd21/source/gcc/startup_samd21.o
_srelocate                                        sam0/utils/cmsis/samd21/source/gcc/startup_samd21.o
_start                                            /usr/bin/../lib/gcc/arm-none-eabi/4.9.3/../../../../arm-none-eabi/lib/armv6-m/crt0.o
_system_dummy_init                                sam0/drivers/system/system.o
_system_events_init                               sam0/drivers/system/system.o
_system_extint_init                               sam0/drivers/system/system.o
_szero                                            sam0/utils/cmsis/samd21/source/gcc/startup_samd21.o
_vfiprintf_r                                      /usr/bin/../lib/gcc/arm-none-eabi/4.9.3/../../../../arm-none-eabi/lib/armv6-m/libc_nano.a(lib_a-nano-vfprintf.o)
_vfprintf_r                                       /usr/bin/../lib/gcc/arm-none-eabi/4.9.3/../../../../arm-none-eabi/lib/armv6-m/libc_nano.a(lib_a-nano-vfprintf.o)
                                                  /usr/bin/../lib/gcc/arm-none-eabi/4.9.3/../../../../arm-none-eabi/lib/armv6-m/libc_nano.a(lib_a-printf.o)
_write                                            /usr/bin/../lib/gcc/arm-none-eabi/4.9.3/../../../../arm-none-eabi/lib/armv6-m/libc_nano.a(lib_a-writer.o)
_write_r                                          /usr/bin/../lib/gcc/arm-none-eabi/4.9.3/../../../../arm-none-eabi/lib/armv6-m/libc_nano.a(lib_a-writer.o)
                                                  /usr/bin/../lib/gcc/arm-none-eabi/4.9.3/../../../../arm-none-eabi/lib/armv6-m/libc_nano.a(lib_a-stdio.o)
atexit                                            /usr/bin/../lib/gcc/arm-none-eabi/4.9.3/../../../../arm-none-eabi/lib/armv6-m/crt0.o
board_init                                        sam0/boards/femtousb/board_init.o
cleanup_glue                                      /usr/bin/../lib/gcc/arm-none-eabi/4.9.3/../../../../arm-none-eabi/lib/armv6-m/libc_nano.a(lib_a-reent.o)
cpu_irq_enter_critical                            common/utils/interrupt/interrupt_sam_nvic.o
                                                  sam0/drivers/system/clock/clock_samd21_r21/gclk.o
cpu_irq_leave_critical                            common/utils/interrupt/interrupt_sam_nvic.o
                                                  sam0/drivers/system/clock/clock_samd21_r21/gclk.o
delay_cycles_ms                                   common2/services/delay/sam0/systick_counter.o
                                                  led_toggle.o
delay_cycles_us                                   common2/services/delay/sam0/systick_counter.o
delay_init                                        common2/services/delay/sam0/systick_counter.o
                                                  led_toggle.o
errno                                             /usr/bin/../lib/gcc/arm-none-eabi/4.9.3/../../../../arm-none-eabi/lib/armv6-m/libc_nano.a(lib_a-reent.o)
                                                  /usr/bin/../lib/gcc/arm-none-eabi/4.9.3/../../../../arm-none-eabi/lib/armv6-m/libc_nano.a(lib_a-isattyr.o)
                                                  /usr/bin/../lib/gcc/arm-none-eabi/4.9.3/../../../../arm-none-eabi/lib/armv6-m/libc_nano.a(lib_a-fstatr.o)
                                                  /usr/bin/../lib/gcc/arm-none-eabi/4.9.3/../../../../arm-none-eabi/lib/armv6-m/libc_nano.a(lib_a-readr.o)
                                                  /usr/bin/../lib/gcc/arm-none-eabi/4.9.3/../../../../arm-none-eabi/lib/armv6-m/libc_nano.a(lib_a-lseekr.o)
                                                  /usr/bin/../lib/gcc/arm-none-eabi/4.9.3/../../../../arm-none-eabi/lib/armv6-m/libc_nano.a(lib_a-closer.o)
                                                  /usr/bin/../lib/gcc/arm-none-eabi/4.9.3/../../../../arm-none-eabi/lib/armv6-m/libc_nano.a(lib_a-writer.o)
                                                  /usr/bin/../lib/gcc/arm-none-eabi/4.9.3/../../../../arm-none-eabi/lib/armv6-m/libc_nano.a(lib_a-sbrkr.o)
exception_table                                   sam0/utils/cmsis/samd21/source/gcc/startup_samd21.o
exit                                              /usr/bin/../lib/gcc/arm-none-eabi/4.9.3/../../../../arm-none-eabi/lib/armv6-m/libc_nano.a(lib_a-exit.o)
                                                  /usr/bin/../lib/gcc/arm-none-eabi/4.9.3/../../../../arm-none-eabi/lib/armv6-m/crt0.o
fflush                                            /usr/bin/../lib/gcc/arm-none-eabi/4.9.3/../../../../arm-none-eabi/lib/armv6-m/libc_nano.a(lib_a-fflush.o)
g_interrupt_enabled                               common/utils/interrupt/interrupt_sam_nvic.o
hardware_init_hook                                /usr/bin/../lib/gcc/arm-none-eabi/4.9.3/../../../../arm-none-eabi/lib/armv6-m/crt0.o
iprintf                                           /usr/bin/../lib/gcc/arm-none-eabi/4.9.3/../../../../arm-none-eabi/lib/armv6-m/libc_nano.a(lib_a-printf.o)
                                                  sam0/utils/syscalls/gcc/syscalls.o
link                                              sam0/utils/syscalls/gcc/syscalls.o
main                                              led_toggle.o
                                                  sam0/utils/cmsis/samd21/source/gcc/startup_samd21.o
                                                  /usr/bin/../lib/gcc/arm-none-eabi/4.9.3/../../../../arm-none-eabi/lib/armv6-m/crt0.o
memchr                                            /usr/bin/../lib/gcc/arm-none-eabi/4.9.3/../../../../arm-none-eabi/lib/armv6-m/libc_nano.a(lib_a-memchr.o)
                                                  /usr/bin/../lib/gcc/arm-none-eabi/4.9.3/../../../../arm-none-eabi/lib/armv6-m/libc_nano.a(lib_a-fvwrite.o)
                                                  /usr/bin/../lib/gcc/arm-none-eabi/4.9.3/../../../../arm-none-eabi/lib/armv6-m/libc_nano.a(lib_a-nano-vfprintf_i.o)
                                                  /usr/bin/../lib/gcc/arm-none-eabi/4.9.3/../../../../arm-none-eabi/lib/armv6-m/libc_nano.a(lib_a-nano-vfprintf.o)
memcpy                                            /usr/bin/../lib/gcc/arm-none-eabi/4.9.3/../../../../arm-none-eabi/lib/armv6-m/libc_nano.a(lib_a-memcpy.o)
                                                  /usr/bin/../lib/gcc/arm-none-eabi/4.9.3/../../../../arm-none-eabi/lib/armv6-m/libc_nano.a(lib_a-nano-reallocr.o)
                                                  /usr/bin/../lib/gcc/arm-none-eabi/4.9.3/../../../../arm-none-eabi/lib/armv6-m/libc_nano.a(lib_a-fvwrite.o)
memmove                                           /usr/bin/../lib/gcc/arm-none-eabi/4.9.3/../../../../arm-none-eabi/lib/armv6-m/libc_nano.a(lib_a-memmove.o)
                                                  /usr/bin/../lib/gcc/arm-none-eabi/4.9.3/../../../../arm-none-eabi/lib/armv6-m/libc_nano.a(lib_a-fvwrite.o)
memset                                            /usr/bin/../lib/gcc/arm-none-eabi/4.9.3/../../../../arm-none-eabi/lib/armv6-m/libc_nano.a(lib_a-memset.o)
                                                  /usr/bin/../lib/gcc/arm-none-eabi/4.9.3/../../../../arm-none-eabi/lib/armv6-m/libc_nano.a(lib_a-findfp.o)
                                                  /usr/bin/../lib/gcc/arm-none-eabi/4.9.3/../../../../arm-none-eabi/lib/armv6-m/crt0.o
port_group_set_config                             sam0/drivers/port/port.o
port_pin_set_config                               sam0/drivers/port/port.o
printf                                            /usr/bin/../lib/gcc/arm-none-eabi/4.9.3/../../../../arm-none-eabi/lib/armv6-m/libc_nano.a(lib_a-printf.o)
software_init_hook                                /usr/bin/../lib/gcc/arm-none-eabi/4.9.3/../../../../arm-none-eabi/lib/armv6-m/crt0.o
system_board_init                                 sam0/boards/femtousb/board_init.o
system_clock_init                                 sam0/drivers/system/clock/clock_samd21_r21/clock.o
system_clock_source_dfll_set_config               sam0/drivers/system/clock/clock_samd21_r21/clock.o
system_clock_source_disable                       sam0/drivers/system/clock/clock_samd21_r21/clock.o
system_clock_source_dpll_set_config               sam0/drivers/system/clock/clock_samd21_r21/clock.o
system_clock_source_enable                        sam0/drivers/system/clock/clock_samd21_r21/clock.o
system_clock_source_get_hz                        sam0/drivers/system/clock/clock_samd21_r21/clock.o
                                                  sam0/drivers/system/clock/clock_samd21_r21/gclk.o
system_clock_source_is_ready                      sam0/drivers/system/clock/clock_samd21_r21/clock.o
system_clock_source_osc32k_set_config             sam0/drivers/system/clock/clock_samd21_r21/clock.o
system_clock_source_osc8m_set_config              sam0/drivers/system/clock/clock_samd21_r21/clock.o
system_clock_source_write_calibration             sam0/drivers/system/clock/clock_samd21_r21/clock.o
system_clock_source_xosc32k_set_config            sam0/drivers/system/clock/clock_samd21_r21/clock.o
system_clock_source_xosc_set_config               sam0/drivers/system/clock/clock_samd21_r21/clock.o
system_gclk_chan_disable                          sam0/drivers/system/clock/clock_samd21_r21/gclk.o
system_gclk_chan_enable                           sam0/drivers/system/clock/clock_samd21_r21/gclk.o
system_gclk_chan_get_hz                           sam0/drivers/system/clock/clock_samd21_r21/gclk.o
                                                  sam0/drivers/system/clock/clock_samd21_r21/clock.o
system_gclk_chan_is_enabled                       sam0/drivers/system/clock/clock_samd21_r21/gclk.o
system_gclk_chan_is_locked                        sam0/drivers/system/clock/clock_samd21_r21/gclk.o
system_gclk_chan_lock                             sam0/drivers/system/clock/clock_samd21_r21/gclk.o
system_gclk_chan_set_config                       sam0/drivers/system/clock/clock_samd21_r21/gclk.o
                                                  sam0/drivers/system/clock/clock_samd21_r21/clock.o
system_gclk_gen_disable                           sam0/drivers/system/clock/clock_samd21_r21/gclk.o
system_gclk_gen_enable                            sam0/drivers/system/clock/clock_samd21_r21/gclk.o
                                                  sam0/drivers/system/clock/clock_samd21_r21/clock.o
system_gclk_gen_get_hz                            sam0/drivers/system/clock/clock_samd21_r21/gclk.o
                                                  common2/services/delay/sam0/systick_counter.o
system_gclk_gen_is_enabled                        sam0/drivers/system/clock/clock_samd21_r21/gclk.o
system_gclk_gen_set_config                        sam0/drivers/system/clock/clock_samd21_r21/gclk.o
                                                  sam0/drivers/system/clock/clock_samd21_r21/clock.o
system_gclk_init                                  sam0/drivers/system/clock/clock_samd21_r21/gclk.o
                                                  sam0/drivers/system/clock/clock_samd21_r21/clock.o
system_init                                       sam0/drivers/system/system.o
                                                  led_toggle.o
system_interrupt_clear_pending                    sam0/drivers/system/interrupt/system_interrupt.o
system_interrupt_get_priority                     sam0/drivers/system/interrupt/system_interrupt.o
system_interrupt_is_pending                       sam0/drivers/system/interrupt/system_interrupt.o
system_interrupt_set_pending                      sam0/drivers/system/interrupt/system_interrupt.o
system_interrupt_set_priority                     sam0/drivers/system/interrupt/system_interrupt.o
system_pinmux_group_set_config                    sam0/drivers/port/port.o
system_pinmux_pin_set_config                      sam0/drivers/port/port.o
vfiprintf                                         /usr/bin/../lib/gcc/arm-none-eabi/4.9.3/../../../../arm-none-eabi/lib/armv6-m/libc_nano.a(lib_a-nano-vfprintf.o)
vfprintf                                          /usr/bin/../lib/gcc/arm-none-eabi/4.9.3/../../../../arm-none-eabi/lib/armv6-m/libc_nano.a(lib_a-nano-vfprintf.o)
