Archive member included because of file (symbol)

/usr/bin/../lib/gcc/arm-none-eabi/4.9.3/armv6-m/libgcc.a(_udivsi3.o)
                              common2/services/delay/sam0/systick_counter.o (__aeabi_uidiv)
/usr/bin/../lib/gcc/arm-none-eabi/4.9.3/armv6-m/libgcc.a(_dvmd_tls.o)
                              /usr/bin/../lib/gcc/arm-none-eabi/4.9.3/armv6-m/libgcc.a(_udivsi3.o) (__aeabi_idiv0)
/usr/bin/../lib/gcc/arm-none-eabi/4.9.3/armv6-m/libgcc.a(_muldi3.o)
                              sam0/drivers/sercom/sercom.o (__aeabi_lmul)
/usr/bin/../lib/gcc/arm-none-eabi/4.9.3/../../../../arm-none-eabi/lib/armv6-m/libc_nano.a(lib_a-exit.o)
                              /usr/bin/../lib/gcc/arm-none-eabi/4.9.3/../../../../arm-none-eabi/lib/armv6-m/crt0.o (exit)
/usr/bin/../lib/gcc/arm-none-eabi/4.9.3/../../../../arm-none-eabi/lib/armv6-m/libc_nano.a(lib_a-impure.o)
                              /usr/bin/../lib/gcc/arm-none-eabi/4.9.3/../../../../arm-none-eabi/lib/armv6-m/libc_nano.a(lib_a-exit.o) (_global_impure_ptr)
/usr/bin/../lib/gcc/arm-none-eabi/4.9.3/../../../../arm-none-eabi/lib/armv6-m/libc_nano.a(lib_a-init.o)
                              /usr/bin/../lib/gcc/arm-none-eabi/4.9.3/../../../../arm-none-eabi/lib/armv6-m/crt0.o (__libc_init_array)
/usr/bin/../lib/gcc/arm-none-eabi/4.9.3/../../../../arm-none-eabi/lib/armv6-m/libc_nano.a(lib_a-memcpy.o)
                              sam0/drivers/sercom/sercom_interrupt.o (memcpy)
/usr/bin/../lib/gcc/arm-none-eabi/4.9.3/../../../../arm-none-eabi/lib/armv6-m/libc_nano.a(lib_a-memset.o)
                              /usr/bin/../lib/gcc/arm-none-eabi/4.9.3/../../../../arm-none-eabi/lib/armv6-m/crt0.o (memset)
/usr/bin/../lib/gcc/arm-none-eabi/4.9.3/../../../../arm-none-eabi/lib/armv6-m/libc_nano.a(lib_a-printf.o)
                              sam0/utils/syscalls/gcc/syscalls.o (iprintf)
/usr/bin/../lib/gcc/arm-none-eabi/4.9.3/../../../../arm-none-eabi/lib/armv6-m/libc_nano.a(lib_a-findfp.o)
                              /usr/bin/../lib/gcc/arm-none-eabi/4.9.3/../../../../arm-none-eabi/lib/armv6-m/libc_nano.a(lib_a-printf.o) (__sinit)
/usr/bin/../lib/gcc/arm-none-eabi/4.9.3/../../../../arm-none-eabi/lib/armv6-m/libc_nano.a(lib_a-fwalk.o)
                              /usr/bin/../lib/gcc/arm-none-eabi/4.9.3/../../../../arm-none-eabi/lib/armv6-m/libc_nano.a(lib_a-findfp.o) (_fwalk)
/usr/bin/../lib/gcc/arm-none-eabi/4.9.3/../../../../arm-none-eabi/lib/armv6-m/libc_nano.a(lib_a-nano-mallocr.o)
                              /usr/bin/../lib/gcc/arm-none-eabi/4.9.3/../../../../arm-none-eabi/lib/armv6-m/libc_nano.a(lib_a-findfp.o) (_malloc_r)
/usr/bin/../lib/gcc/arm-none-eabi/4.9.3/../../../../arm-none-eabi/lib/armv6-m/libc_nano.a(lib_a-nano-vfprintf.o)
                              /usr/bin/../lib/gcc/arm-none-eabi/4.9.3/../../../../arm-none-eabi/lib/armv6-m/libc_nano.a(lib_a-printf.o) (_vfprintf_r)
/usr/bin/../lib/gcc/arm-none-eabi/4.9.3/../../../../arm-none-eabi/lib/armv6-m/libc_nano.a(lib_a-nano-vfprintf_i.o)
                              /usr/bin/../lib/gcc/arm-none-eabi/4.9.3/../../../../arm-none-eabi/lib/armv6-m/libc_nano.a(lib_a-nano-vfprintf.o) (_printf_i)
/usr/bin/../lib/gcc/arm-none-eabi/4.9.3/../../../../arm-none-eabi/lib/armv6-m/libc_nano.a(lib_a-sbrkr.o)
                              /usr/bin/../lib/gcc/arm-none-eabi/4.9.3/../../../../arm-none-eabi/lib/armv6-m/libc_nano.a(lib_a-nano-mallocr.o) (_sbrk_r)
/usr/bin/../lib/gcc/arm-none-eabi/4.9.3/../../../../arm-none-eabi/lib/armv6-m/libc_nano.a(lib_a-stdio.o)
                              /usr/bin/../lib/gcc/arm-none-eabi/4.9.3/../../../../arm-none-eabi/lib/armv6-m/libc_nano.a(lib_a-findfp.o) (__sread)
/usr/bin/../lib/gcc/arm-none-eabi/4.9.3/../../../../arm-none-eabi/lib/armv6-m/libc_nano.a(lib_a-wbuf.o)
                              /usr/bin/../lib/gcc/arm-none-eabi/4.9.3/../../../../arm-none-eabi/lib/armv6-m/libc_nano.a(lib_a-nano-vfprintf.o) (__swbuf_r)
/usr/bin/../lib/gcc/arm-none-eabi/4.9.3/../../../../arm-none-eabi/lib/armv6-m/libc_nano.a(lib_a-writer.o)
                              /usr/bin/../lib/gcc/arm-none-eabi/4.9.3/../../../../arm-none-eabi/lib/armv6-m/libc_nano.a(lib_a-stdio.o) (_write_r)
/usr/bin/../lib/gcc/arm-none-eabi/4.9.3/../../../../arm-none-eabi/lib/armv6-m/libc_nano.a(lib_a-wsetup.o)
                              /usr/bin/../lib/gcc/arm-none-eabi/4.9.3/../../../../arm-none-eabi/lib/armv6-m/libc_nano.a(lib_a-nano-vfprintf.o) (__swsetup_r)
/usr/bin/../lib/gcc/arm-none-eabi/4.9.3/../../../../arm-none-eabi/lib/armv6-m/libc_nano.a(lib_a-closer.o)
                              /usr/bin/../lib/gcc/arm-none-eabi/4.9.3/../../../../arm-none-eabi/lib/armv6-m/libc_nano.a(lib_a-stdio.o) (_close_r)
/usr/bin/../lib/gcc/arm-none-eabi/4.9.3/../../../../arm-none-eabi/lib/armv6-m/libc_nano.a(lib_a-fflush.o)
                              /usr/bin/../lib/gcc/arm-none-eabi/4.9.3/../../../../arm-none-eabi/lib/armv6-m/libc_nano.a(lib_a-findfp.o) (_fflush_r)
[...]
Memory Configuration

Name             Origin             Length             Attributes
rom              0x00000000         0x00040000         xr
ram              0x20000000         0x00008000         xrw
*default*        0x00000000         0xffffffff

Linker script and memory map

LOAD /usr/bin/../lib/gcc/arm-none-eabi/4.9.3/armv6-m/crti.o
LOAD /usr/bin/../lib/gcc/arm-none-eabi/4.9.3/armv6-m/crtbegin.o
LOAD /usr/bin/../lib/gcc/arm-none-eabi/4.9.3/../../../../arm-none-eabi/lib/armv6-m/crt0.o
Address of section .text set to 0x1000
                0x00002000                STACK_SIZE = DEFINED (STACK_SIZE)?STACK_SIZE:DEFINED (__stack_size__)?__stack_size__:0x2000

.text           0x00001000      0x890
                0x00001000                . = ALIGN (0x4)
                0x00001000                _sfixed = .
 *(.vectors .vectors.*)
 .vectors       0x00001000       0xb0 sam0/utils/cmsis/samr21/source/gcc/startup_samr21.o
                0x00001000                exception_table
 *(.text .text.* .gnu.linkonce.t.*)
 .text          0x000010b0       0x60 /usr/bin/../lib/gcc/arm-none-eabi/4.9.3/armv6-m/crtbegin.o
 .text.main     0x00001110        0xc sam_r21_imu.o
                0x00001110                main
 .text.cpu_irq_enter_critical
                0x0000111c       0x40 common/utils/interrupt/interrupt_sam_nvic.o
                0x0000111c                cpu_irq_enter_critical
 .text.cpu_irq_leave_critical
                0x0000115c       0x30 common/utils/interrupt/interrupt_sam_nvic.o
                0x0000115c                cpu_irq_leave_critical
 .text.system_board_init
                0x0000118c       0x34 sam0/boards/femtobeacon/board_init.o
                0x0000118c                system_board_init
                0x0000118c                board_init
 .text.EIC_Handler
                0x000011c0       0x68 sam0/drivers/extint/extint_callback.o
                0x000011c0                EIC_Handler
 .text._extint_enable
                0x00001228       0x18 sam0/drivers/extint/extint_sam_d_r/extint.o
 .text._system_extint_init
                0x00001240       0x60 sam0/drivers/extint/extint_sam_d_r/extint.o
                0x00001240                _system_extint_init
 .text.port_pin_set_config
                0x000012a0       0x20 sam0/drivers/port/port.o
                0x000012a0                port_pin_set_config
 .text.SERCOM0_Handler
                0x000012c0       0x10 sam0/drivers/sercom/sercom_interrupt.o
                0x000012c0                SERCOM0_Handler
 .text.SERCOM1_Handler
                0x000012d0       0x10 sam0/drivers/sercom/sercom_interrupt.o
                0x000012d0                SERCOM1_Handler
 .text.SERCOM2_Handler
                0x000012e0       0x10 sam0/drivers/sercom/sercom_interrupt.o
                0x000012e0                SERCOM2_Handler
 .text.SERCOM3_Handler
                0x000012f0       0x10 sam0/drivers/sercom/sercom_interrupt.o
                0x000012f0                SERCOM3_Handler
 .text.system_clock_source_osc8m_set_config
                0x00001300       0x3c sam0/drivers/system/clock/clock_samd21_r21/clock.o
                0x00001300                system_clock_source_osc8m_set_config
 .text.system_clock_source_enable
                0x0000133c       0xa0 sam0/drivers/system/clock/clock_samd21_r21/clock.o
                0x0000133c                system_clock_source_enable
 .text.system_clock_init
                0x000013dc       0x7c sam0/drivers/system/clock/clock_samd21_r21/clock.o
                0x000013dc                system_clock_init
 .text.system_gclk_init
                0x00001458       0x24 sam0/drivers/system/clock/clock_samd21_r21/gclk.o
                0x00001458                system_gclk_init
 .text.system_gclk_gen_set_config
                0x0000147c       0xb0 sam0/drivers/system/clock/clock_samd21_r21/gclk.o
                0x0000147c                system_gclk_gen_set_config
 .text.system_gclk_gen_enable
                0x0000152c       0x3c sam0/drivers/system/clock/clock_samd21_r21/gclk.o
                0x0000152c                system_gclk_gen_enable
 .text.system_gclk_chan_enable
                0x00001568       0x28 sam0/drivers/system/clock/clock_samd21_r21/gclk.o
                0x00001568                system_gclk_chan_enable
 .text.system_gclk_chan_disable
                0x00001590       0x54 sam0/drivers/system/clock/clock_samd21_r21/gclk.o
                0x00001590                system_gclk_chan_disable
 .text.system_gclk_chan_set_config
                0x000015e4       0x18 sam0/drivers/system/clock/clock_samd21_r21/gclk.o
                0x000015e4                system_gclk_chan_set_config
 .text._system_pinmux_config
                0x000015fc       0xa8 sam0/drivers/system/pinmux/pinmux.o
 .text.system_pinmux_pin_set_config
                0x000016a4       0x2c sam0/drivers/system/pinmux/pinmux.o
                0x000016a4                system_pinmux_pin_set_config
 .text._system_dummy_init
                0x000016d0        0x4 sam0/drivers/system/system.o
                0x000016d0                _system_events_init
                0x000016d0                _system_dummy_init
 .text.system_init
                0x000016d4       0x14 sam0/drivers/system/system.o
                0x000016d4                system_init
 .text._tc_interrupt_handler
                0x000016e8       0x5c sam0/drivers/tc/tc_interrupt.o
                0x000016e8                _tc_interrupt_handler
 .text.TC3_Handler
                0x00001744        0xc sam0/drivers/tc/tc_interrupt.o
                0x00001744                TC3_Handler
 .text.TC4_Handler
                0x00001750        0xc sam0/drivers/tc/tc_interrupt.o
                0x00001750                TC4_Handler
 .text.TC5_Handler
                0x0000175c        0xc sam0/drivers/tc/tc_interrupt.o
                0x0000175c                TC5_Handler
 .text.Dummy_Handler
                0x00001768        0x4 sam0/utils/cmsis/samr21/source/gcc/startup_samr21.o
                0x00001768                DMAC_Handler
                0x00001768                HardFault_Handler
                0x00001768                SysTick_Handler
                0x00001768                PendSV_Handler
                0x00001768                NMI_Handler
                0x00001768                TCC1_Handler
                0x00001768                TCC0_Handler
                0x00001768                RTC_Handler
                0x00001768                WDT_Handler
                0x00001768                Dummy_Handler
                0x00001768                PM_Handler
                0x00001768                SVC_Handler
                0x00001768                TCC2_Handler
                0x00001768                EVSYS_Handler
                0x00001768                I2S_Handler
                0x00001768                NVMCTRL_Handler
                0x00001768                SYSCTRL_Handler
 .text.Reset_Handler
                0x0000176c       0x94 sam0/utils/cmsis/samr21/source/gcc/startup_samr21.o
                0x0000176c                Reset_Handler
 .text.__libc_init_array
                0x00001800       0x4c /usr/bin/../lib/gcc/arm-none-eabi/4.9.3/../../../../arm-none-eabi/lib/armv6-m/libc_nano.a(lib_a-init.o)
                0x00001800                __libc_init_array
 *(.glue_7t)
 .glue_7t       0x00000000        0x0 linker stubs
 *(.glue_7)
 .glue_7        0x00000000        0x0 linker stubs
 *(.rodata .rodata* .gnu.linkonce.r.*)
 .rodata.system_clock_source_enable
                0x0000184c       0x24 sam0/drivers/system/clock/clock_samd21_r21/clock.o
 *(.ARM.extab* .gnu.linkonce.armextab.*)
                0x00001870                . = ALIGN (0x4)
 *(.init)
 .init          0x00001870        0x4 /usr/bin/../lib/gcc/arm-none-eabi/4.9.3/armv6-m/crti.o
                0x00001870                _init
 .init          0x00001874        0x8 /usr/bin/../lib/gcc/arm-none-eabi/4.9.3/armv6-m/crtn.o
                0x0000187c                . = ALIGN (0x4)
                0x0000187c                __preinit_array_start = .
 *(.preinit_array)
                0x0000187c                __preinit_array_end = .
                0x0000187c                . = ALIGN (0x4)
                0x0000187c                __init_array_start = .
 *(SORT(.init_array.*))
 *(.init_array)
 .init_array    0x0000187c        0x4 /usr/bin/../lib/gcc/arm-none-eabi/4.9.3/armv6-m/crtbegin.o
                0x00001880                __init_array_end = .
                0x00001880                . = ALIGN (0x4)
 *crtbegin.o(.ctors)
 *(EXCLUDE_FILE(*crtend.o) .ctors)
 *(SORT(.ctors.*))
 *crtend.o(.ctors)
                0x00001880                . = ALIGN (0x4)
 *(.fini)
 .fini          0x00001880        0x4 /usr/bin/../lib/gcc/arm-none-eabi/4.9.3/armv6-m/crti.o
                0x00001880                _fini
 .fini          0x00001884        0x8 /usr/bin/../lib/gcc/arm-none-eabi/4.9.3/armv6-m/crtn.o
                0x0000188c                . = ALIGN (0x4)
                0x0000188c                __fini_array_start = .
 *(.fini_array)
 .fini_array    0x0000188c        0x4 /usr/bin/../lib/gcc/arm-none-eabi/4.9.3/armv6-m/crtbegin.o
 *(SORT(.fini_array.*))
                0x00001890                __fini_array_end = .
 *crtbegin.o(.dtors)
 *(EXCLUDE_FILE(*crtend.o) .dtors)
 *(SORT(.dtors.*))
 *crtend.o(.dtors)
                0x00001890                . = ALIGN (0x4)
                0x00001890                _efixed = .
                0x00001890                PROVIDE (__exidx_start, .)

.vfp11_veneer   0x00001890        0x0
 .vfp11_veneer  0x00000000        0x0 linker stubs

.v4_bx          0x00001890        0x0
 .v4_bx         0x00000000        0x0 linker stubs

.iplt           0x00001890        0x0
 .iplt          0x00000000        0x0 /usr/bin/../lib/gcc/arm-none-eabi/4.9.3/armv6-m/crtbegin.o

.eh_frame       0x00001890        0x0
 .eh_frame      0x00001890        0x0 /usr/bin/../lib/gcc/arm-none-eabi/4.9.3/armv6-m/crtbegin.o

.rel.dyn        0x00001890        0x0
 .rel.iplt      0x00000000        0x0 /usr/bin/../lib/gcc/arm-none-eabi/4.9.3/armv6-m/crtbegin.o

.jcr            0x00001890        0x0
 .jcr           0x00001890        0x0 /usr/bin/../lib/gcc/arm-none-eabi/4.9.3/armv6-m/crtbegin.o

.igot.plt       0x00001890        0x0
 .igot.plt      0x00000000        0x0 /usr/bin/../lib/gcc/arm-none-eabi/4.9.3/armv6-m/crtbegin.o

.ARM.exidx
 *(.ARM.exidx* .gnu.linkonce.armexidx.*)
                0x00001890                PROVIDE (__exidx_end, .)
                0x00001890                . = ALIGN (0x4)
                0x00001890                _etext = .

.relocate       0x20000000        0x4 load address 0x00001890
                0x20000000                . = ALIGN (0x4)
                0x20000000                _srelocate = .
 *(.ramfunc .ramfunc.*)
 *(.data .data.*)
 .data.g_interrupt_enabled
                0x20000000        0x1 common/utils/interrupt/interrupt_sam_nvic.o
                0x20000000                g_interrupt_enabled
                0x20000004                . = ALIGN (0x4)
 *fill*         0x20000001        0x3 
                0x20000004                _erelocate = .

.bss            0x20000004       0xa4 load address 0x00001894
                0x20000004                . = ALIGN (0x4)
                0x20000004                _sbss = .
                0x20000004                _szero = .
 *(.bss .bss.*)
 .bss           0x20000004       0x1c /usr/bin/../lib/gcc/arm-none-eabi/4.9.3/armv6-m/crtbegin.o
 .bss.cpu_irq_critical_section_counter
                0x20000020        0x4 common/utils/interrupt/interrupt_sam_nvic.o
 .bss.cpu_irq_prev_interrupt_state
                0x20000024        0x1 common/utils/interrupt/interrupt_sam_nvic.o
 *fill*         0x20000025        0x3 
 .bss._sercom_interrupt_handlers
                0x20000028       0x18 sam0/drivers/sercom/sercom_interrupt.o
 .bss._system_clock_inst
                0x20000040       0x18 sam0/drivers/system/clock/clock_samd21_r21/clock.o
 *(COMMON)
 COMMON         0x20000058        0x1 sam0/drivers/extint/extint_callback.o
                0x20000058                _current_channel
 *fill*         0x20000059        0x3 
 COMMON         0x2000005c       0x40 sam0/drivers/extint/extint_sam_d_r/extint.o
                0x2000005c                _extint_dev
 COMMON         0x2000009c        0xc sam0/drivers/tc/tc_interrupt.o
                0x2000009c                _tc_instances
                0x200000a8                . = ALIGN (0x4)
                0x200000a8                _ebss = .
                0x200000a8                _ezero = .

.stack          0x200000a8     0x2000 load address 0x00001938
                0x200000a8                . = ALIGN (0x8)
                0x200000a8                _sstack = .
                0x200020a8                . = (. + STACK_SIZE)
 *fill*         0x200000a8     0x2000 
                0x200020a8                . = ALIGN (0x8)
                0x200020a8                _estack = .
                0x200020a8                . = ALIGN (0x4)
                0x200020a8                _end = .
LOAD sam_r21_imu.o
LOAD common/utils/interrupt/interrupt_sam_nvic.o
LOAD common2/services/delay/sam0/systick_counter.o
LOAD sam0/boards/femtobeacon/board_init.o
LOAD sam0/drivers/extint/extint_callback.o
LOAD sam0/drivers/extint/extint_sam_d_r/extint.o
LOAD sam0/drivers/port/port.o
LOAD sam0/drivers/sercom/sercom.o
LOAD sam0/drivers/sercom/sercom_interrupt.o
LOAD sam0/drivers/sercom/usart/usart.o
LOAD sam0/drivers/sercom/usart/usart_interrupt.o
LOAD sam0/drivers/system/clock/clock_samd21_r21/clock.o
LOAD sam0/drivers/system/clock/clock_samd21_r21/gclk.o
LOAD sam0/drivers/system/interrupt/system_interrupt.o
LOAD sam0/drivers/system/pinmux/pinmux.o
LOAD sam0/drivers/system/system.o
LOAD sam0/drivers/tc/tc_interrupt.o
LOAD sam0/drivers/tc/tc_sam_d_r/tc.o
LOAD sam0/utils/cmsis/samr21/source/gcc/startup_samr21.o
LOAD sam0/utils/cmsis/samr21/source/system_samr21.o
LOAD sam0/utils/stdio/read.o
LOAD sam0/utils/stdio/write.o
LOAD sam0/utils/syscalls/gcc/syscalls.o
LOAD libraries/asf-3.21.0/thirdparty/CMSIS/Lib/GCC/libarm_cortexM0l_math.a
LOAD /usr/bin/../lib/gcc/arm-none-eabi/4.9.3/../../../../arm-none-eabi/lib/armv6-m/libstdc++_nano.a
LOAD /usr/bin/../lib/gcc/arm-none-eabi/4.9.3/../../../../arm-none-eabi/lib/armv6-m/libm.a
START GROUP
LOAD /usr/bin/../lib/gcc/arm-none-eabi/4.9.3/armv6-m/libgcc.a
LOAD /usr/bin/../lib/gcc/arm-none-eabi/4.9.3/../../../../arm-none-eabi/lib/armv6-m/libc_nano.a
END GROUP
START GROUP
LOAD /usr/bin/../lib/gcc/arm-none-eabi/4.9.3/armv6-m/libgcc.a
LOAD /usr/bin/../lib/gcc/arm-none-eabi/4.9.3/../../../../arm-none-eabi/lib/armv6-m/libc_nano.a
END GROUP
LOAD /usr/bin/../lib/gcc/arm-none-eabi/4.9.3/armv6-m/crtend.o
LOAD /usr/bin/../lib/gcc/arm-none-eabi/4.9.3/armv6-m/crtn.o
OUTPUT(sam_r21_imu_flash.elf elf32-littlearm)

.ARM.attributes
                0x00000000       0x28
 .ARM.attributes
                0x00000000       0x1e /usr/bin/../lib/gcc/arm-none-eabi/4.9.3/armv6-m/crti.o
 .ARM.attributes
                0x0000001e       0x2c /usr/bin/../lib/gcc/arm-none-eabi/4.9.3/armv6-m/crtbegin.o
 .ARM.attributes
                0x0000004a       0x32 sam_r21_imu.o
 .ARM.attributes
                0x0000007c       0x32 common/utils/interrupt/interrupt_sam_nvic.o
 .ARM.attributes
                0x000000ae       0x32 sam0/boards/femtobeacon/board_init.o
 .ARM.attributes
                0x000000e0       0x32 sam0/drivers/extint/extint_callback.o
 .ARM.attributes
                0x00000112       0x32 sam0/drivers/extint/extint_sam_d_r/extint.o
 .ARM.attributes
                0x00000144       0x32 sam0/drivers/port/port.o
 .ARM.attributes
                0x00000176       0x32 sam0/drivers/sercom/sercom_interrupt.o
 .ARM.attributes
                0x000001a8       0x32 sam0/drivers/system/clock/clock_samd21_r21/clock.o
 .ARM.attributes
                0x000001da       0x32 sam0/drivers/system/clock/clock_samd21_r21/gclk.o
 .ARM.attributes
                0x0000020c       0x32 sam0/drivers/system/pinmux/pinmux.o
 .ARM.attributes
                0x0000023e       0x32 sam0/drivers/system/system.o
 .ARM.attributes
                0x00000270       0x32 sam0/drivers/tc/tc_interrupt.o
 .ARM.attributes
                0x000002a2       0x32 sam0/utils/cmsis/samr21/source/gcc/startup_samr21.o
 .ARM.attributes
                0x000002d4       0x2c /usr/bin/../lib/gcc/arm-none-eabi/4.9.3/../../../../arm-none-eabi/lib/armv6-m/libc_nano.a(lib_a-init.o)
 .ARM.attributes
                0x00000300       0x1e /usr/bin/../lib/gcc/arm-none-eabi/4.9.3/armv6-m/crtn.o

.comment        0x00000000       0x70
 .comment       0x00000000       0x70 sam_r21_imu.o
                                 0x71 (size before relaxing)
 .comment       0x00000000       0x71 common/utils/interrupt/interrupt_sam_nvic.o
 .comment       0x00000000       0x71 sam0/boards/femtobeacon/board_init.o
 .comment       0x00000000       0x71 sam0/drivers/extint/extint_callback.o
 .comment       0x00000000       0x71 sam0/drivers/extint/extint_sam_d_r/extint.o
 .comment       0x00000000       0x71 sam0/drivers/port/port.o
 .comment       0x00000000       0x71 sam0/drivers/sercom/sercom_interrupt.o
 .comment       0x00000000       0x71 sam0/drivers/system/clock/clock_samd21_r21/clock.o
 .comment       0x00000000       0x71 sam0/drivers/system/clock/clock_samd21_r21/gclk.o
 .comment       0x00000000       0x71 sam0/drivers/system/pinmux/pinmux.o
 .comment       0x00000000       0x71 sam0/drivers/system/system.o
 .comment       0x00000000       0x71 sam0/drivers/tc/tc_interrupt.o
 .comment       0x00000000       0x71 sam0/utils/cmsis/samr21/source/gcc/startup_samr21.o

.debug_info     0x00000000     0xccdd
 .debug_info    0x00000000      0x989 sam_r21_imu.o
 .debug_info    0x00000989      0x1db common/utils/interrupt/interrupt_sam_nvic.o
 .debug_info    0x00000b64      0x931 sam0/boards/femtobeacon/board_init.o
 .debug_info    0x00001495      0xf98 sam0/drivers/extint/extint_callback.o
 .debug_info    0x0000242d     0x1fa6 sam0/drivers/extint/extint_sam_d_r/extint.o
 .debug_info    0x000043d3      0x940 sam0/drivers/port/port.o
 .debug_info    0x00004d13     0x211c sam0/drivers/sercom/sercom_interrupt.o
 .debug_info    0x00006e2f     0x2a1a sam0/drivers/system/clock/clock_samd21_r21/clock.o
 .debug_info    0x00009849     0x1406 sam0/drivers/system/clock/clock_samd21_r21/gclk.o
 .debug_info    0x0000ac4f      0x9d5 sam0/drivers/system/pinmux/pinmux.o
 .debug_info    0x0000b624      0x148 sam0/drivers/system/system.o
 .debug_info    0x0000b76c     0x1141 sam0/drivers/tc/tc_interrupt.o
 .debug_info    0x0000c8ad      0x430 sam0/utils/cmsis/samr21/source/gcc/startup_samr21.o

.debug_abbrev   0x00000000     0x1e5f
 .debug_abbrev  0x00000000      0x1f4 sam_r21_imu.o
 .debug_abbrev  0x000001f4       0xf4 common/utils/interrupt/interrupt_sam_nvic.o
 .debug_abbrev  0x000002e8      0x241 sam0/boards/femtobeacon/board_init.o
 .debug_abbrev  0x00000529      0x295 sam0/drivers/extint/extint_callback.o
 .debug_abbrev  0x000007be      0x42a sam0/drivers/extint/extint_sam_d_r/extint.o
 .debug_abbrev  0x00000be8      0x205 sam0/drivers/port/port.o
 .debug_abbrev  0x00000ded      0x262 sam0/drivers/sercom/sercom_interrupt.o
 .debug_abbrev  0x0000104f      0x401 sam0/drivers/system/clock/clock_samd21_r21/clock.o
 .debug_abbrev  0x00001450      0x349 sam0/drivers/system/clock/clock_samd21_r21/gclk.o
 .debug_abbrev  0x00001799      0x26c sam0/drivers/system/pinmux/pinmux.o
 .debug_abbrev  0x00001a05       0xb4 sam0/drivers/system/system.o
 .debug_abbrev  0x00001ab9      0x256 sam0/drivers/tc/tc_interrupt.o
 .debug_abbrev  0x00001d0f      0x150 sam0/utils/cmsis/samr21/source/gcc/startup_samr21.o

.debug_aranges  0x00000000      0x350
 .debug_aranges
                0x00000000       0x20 sam_r21_imu.o
 .debug_aranges
                0x00000020       0x28 common/utils/interrupt/interrupt_sam_nvic.o
 .debug_aranges
                0x00000048       0x20 sam0/boards/femtobeacon/board_init.o
 .debug_aranges
                0x00000068       0x48 sam0/drivers/extint/extint_callback.o
 .debug_aranges
                0x000000b0       0x50 sam0/drivers/extint/extint_sam_d_r/extint.o
 .debug_aranges
                0x00000100       0x28 sam0/drivers/port/port.o
 .debug_aranges
                0x00000128       0x60 sam0/drivers/sercom/sercom_interrupt.o
 .debug_aranges
                0x00000188       0x78 sam0/drivers/system/clock/clock_samd21_r21/clock.o
 .debug_aranges
                0x00000200       0x80 sam0/drivers/system/clock/clock_samd21_r21/gclk.o
 .debug_aranges
                0x00000280       0x38 sam0/drivers/system/pinmux/pinmux.o
 .debug_aranges
                0x000002b8       0x28 sam0/drivers/system/system.o
 .debug_aranges
                0x000002e0       0x48 sam0/drivers/tc/tc_interrupt.o
 .debug_aranges
                0x00000328       0x28 sam0/utils/cmsis/samr21/source/gcc/startup_samr21.o

.debug_ranges   0x00000000      0x2a8
 .debug_ranges  0x00000000       0x10 sam_r21_imu.o
 .debug_ranges  0x00000010       0x18 common/utils/interrupt/interrupt_sam_nvic.o
 .debug_ranges  0x00000028       0x10 sam0/boards/femtobeacon/board_init.o
 .debug_ranges  0x00000038       0x60 sam0/drivers/extint/extint_callback.o
 .debug_ranges  0x00000098       0x40 sam0/drivers/extint/extint_sam_d_r/extint.o
 .debug_ranges  0x000000d8       0x18 sam0/drivers/port/port.o
 .debug_ranges  0x000000f0       0x50 sam0/drivers/sercom/sercom_interrupt.o
 .debug_ranges  0x00000140       0x68 sam0/drivers/system/clock/clock_samd21_r21/clock.o
 .debug_ranges  0x000001a8       0x70 sam0/drivers/system/clock/clock_samd21_r21/gclk.o
 .debug_ranges  0x00000218       0x28 sam0/drivers/system/pinmux/pinmux.o
 .debug_ranges  0x00000240       0x18 sam0/drivers/system/system.o
 .debug_ranges  0x00000258       0x38 sam0/drivers/tc/tc_interrupt.o
 .debug_ranges  0x00000290       0x18 sam0/utils/cmsis/samr21/source/gcc/startup_samr21.o

.debug_macro    0x00000000    0x16464
 .debug_macro   0x00000000      0x5a6 sam_r21_imu.o
 .debug_macro   0x000005a6      0x85c sam_r21_imu.o
 .debug_macro   0x00000e02      0x166 sam_r21_imu.o
 .debug_macro   0x00000f68      0x4d1 sam_r21_imu.o
 .debug_macro   0x00001439       0x22 sam_r21_imu.o
 .debug_macro   0x0000145b       0x44 sam_r21_imu.o
 .debug_macro   0x0000149f       0x1c sam_r21_imu.o
 .debug_macro   0x000014bb      0x1f7 sam_r21_imu.o
 .debug_macro   0x000016b2       0x10 sam_r21_imu.o
 .debug_macro   0x000016c2       0x76 sam_r21_imu.o
 .debug_macro   0x00001738       0x16 sam_r21_imu.o
 .debug_macro   0x0000174e      0x6e5 sam_r21_imu.o
 .debug_macro   0x00001e33      0xde2 sam_r21_imu.o
 .debug_macro   0x00002c15       0x22 sam_r21_imu.o
 .debug_macro   0x00002c37       0x40 sam_r21_imu.o
 .debug_macro   0x00002c77       0x3a sam_r21_imu.o
 .debug_macro   0x00002cb1      0x24f sam_r21_imu.o
 .debug_macro   0x00002f00      0x682 sam_r21_imu.o
 .debug_macro   0x00003582      0x8c1 sam_r21_imu.o
 .debug_macro   0x00003e43      0xd6d sam_r21_imu.o
 .debug_macro   0x00004bb0      0x4ce sam_r21_imu.o
 .debug_macro   0x0000507e      0x9fb sam_r21_imu.o
 .debug_macro   0x00005a79      0x82e sam_r21_imu.o
 .debug_macro   0x000062a7      0x462 sam_r21_imu.o
 .debug_macro   0x00006709       0x5e sam_r21_imu.o
 .debug_macro   0x00006767      0x226 sam_r21_imu.o
 .debug_macro   0x0000698d      0x77d sam_r21_imu.o
 .debug_macro   0x0000710a       0x5e sam_r21_imu.o
 .debug_macro   0x00007168      0x60c sam_r21_imu.o
 .debug_macro   0x00007774      0x3b8 sam_r21_imu.o
 .debug_macro   0x00007b2c       0x94 sam_r21_imu.o
 .debug_macro   0x00007bc0      0xc55 sam_r21_imu.o
 .debug_macro   0x00008815     0x1093 sam_r21_imu.o
 .debug_macro   0x000098a8      0xc4a sam_r21_imu.o
 .debug_macro   0x0000a4f2      0x6c2 sam_r21_imu.o
 .debug_macro   0x0000abb4     0x1b4e sam_r21_imu.o
 .debug_macro   0x0000c702     0x144d sam_r21_imu.o
 .debug_macro   0x0000db4f      0x351 sam_r21_imu.o
 .debug_macro   0x0000dea0       0x7c sam_r21_imu.o
 .debug_macro   0x0000df1c       0xa0 sam_r21_imu.o
 .debug_macro   0x0000dfbc       0xca sam_r21_imu.o
 .debug_macro   0x0000e086       0x94 sam_r21_imu.o
 .debug_macro   0x0000e11a       0x58 sam_r21_imu.o
 .debug_macro   0x0000e172      0x367 sam_r21_imu.o
 .debug_macro   0x0000e4d9       0x82 sam_r21_imu.o
 .debug_macro   0x0000e55b      0x19a sam_r21_imu.o
 .debug_macro   0x0000e6f5       0xa0 sam_r21_imu.o
 .debug_macro   0x0000e795       0xb8 sam_r21_imu.o
 .debug_macro   0x0000e84d       0x1c sam_r21_imu.o
 .debug_macro   0x0000e869       0x1c sam_r21_imu.o
 .debug_macro   0x0000e885       0x1c sam_r21_imu.o
 .debug_macro   0x0000e8a1       0x7c sam_r21_imu.o
 .debug_macro   0x0000e91d      0x1c9 sam_r21_imu.o
 .debug_macro   0x0000eae6       0x16 sam_r21_imu.o
 .debug_macro   0x0000eafc       0xdc sam_r21_imu.o
 .debug_macro   0x0000ebd8      0x132 sam_r21_imu.o
 .debug_macro   0x0000ed0a      0x132 sam_r21_imu.o
 .debug_macro   0x0000ee3c      0x132 sam_r21_imu.o
 .debug_macro   0x0000ef6e      0x132 sam_r21_imu.o
 .debug_macro   0x0000f0a0      0x132 sam_r21_imu.o
 .debug_macro   0x0000f1d2      0x132 sam_r21_imu.o
 .debug_macro   0x0000f304      0x11e sam_r21_imu.o
 .debug_macro   0x0000f422       0xe2 sam_r21_imu.o
 .debug_macro   0x0000f504       0xe2 sam_r21_imu.o
 .debug_macro   0x0000f5e6       0xe2 sam_r21_imu.o
 .debug_macro   0x0000f6c8      0x12f sam_r21_imu.o
 .debug_macro   0x0000f7f7      0x100 sam_r21_imu.o
 .debug_macro   0x0000f8f7       0xf4 sam_r21_imu.o
 .debug_macro   0x0000f9eb      0x40f sam_r21_imu.o
 .debug_macro   0x0000fdfa       0x40 sam_r21_imu.o
 .debug_macro   0x0000fe3a      0x345 sam_r21_imu.o
 .debug_macro   0x0001017f     0x10bf sam_r21_imu.o
 .debug_macro   0x0001123e       0x58 sam_r21_imu.o
 .debug_macro   0x00011296       0x58 sam_r21_imu.o
 .debug_macro   0x000112ee       0x35 sam_r21_imu.o
 .debug_macro   0x00011323       0x9c sam_r21_imu.o
 .debug_macro   0x000113bf       0x16 sam_r21_imu.o
 .debug_macro   0x000113d5       0x35 sam_r21_imu.o
 .debug_macro   0x0001140a      0x29d sam_r21_imu.o
 .debug_macro   0x000116a7       0x10 sam_r21_imu.o
 .debug_macro   0x000116b7       0x52 sam_r21_imu.o
 .debug_macro   0x00011709       0x16 sam_r21_imu.o
 .debug_macro   0x0001171f       0x43 sam_r21_imu.o
 .debug_macro   0x00011762      0x180 sam_r21_imu.o
 .debug_macro   0x000118e2       0x10 sam_r21_imu.o
 .debug_macro   0x000118f2       0x22 sam_r21_imu.o
 .debug_macro   0x00011914       0xbd sam_r21_imu.o
 .debug_macro   0x000119d1       0x16 sam_r21_imu.o
 .debug_macro   0x000119e7      0x196 sam_r21_imu.o
 .debug_macro   0x00011b7d       0x16 sam_r21_imu.o
 .debug_macro   0x00011b93       0x16 sam_r21_imu.o
 .debug_macro   0x00011ba9       0x29 sam_r21_imu.o
 .debug_macro   0x00011bd2       0x51 sam_r21_imu.o
 .debug_macro   0x00011c23       0x3f sam_r21_imu.o
 .debug_macro   0x00011c62      0x3df sam_r21_imu.o
 .debug_macro   0x00012041       0x11 sam_r21_imu.o
 .debug_macro   0x00012052       0x16 sam_r21_imu.o
 .debug_macro   0x00012068       0x16 sam_r21_imu.o
 .debug_macro   0x0001207e       0x11 sam_r21_imu.o
 .debug_macro   0x0001208f       0x19 sam_r21_imu.o
 .debug_macro   0x000120a8      0x256 sam_r21_imu.o
 .debug_macro   0x000122fe      0x69f sam_r21_imu.o
 .debug_macro   0x0001299d       0x1f sam_r21_imu.o
 .debug_macro   0x000129bc       0x2e sam_r21_imu.o
 .debug_macro   0x000129ea       0x9a sam_r21_imu.o
 .debug_macro   0x00012a84       0x10 sam_r21_imu.o
 .debug_macro   0x00012a94       0x57 sam_r21_imu.o
 .debug_macro   0x00012aeb       0x6c sam_r21_imu.o
 .debug_macro   0x00012b57      0x45e common/utils/interrupt/interrupt_sam_nvic.o
 .debug_macro   0x00012fb5      0x49a sam0/boards/femtobeacon/board_init.o
 .debug_macro   0x0001344f       0x19 sam0/boards/femtobeacon/board_init.o
 .debug_macro   0x00013468      0x483 sam0/drivers/extint/extint_callback.o
 .debug_macro   0x000138eb      0x4de sam0/drivers/extint/extint_sam_d_r/extint.o
 .debug_macro   0x00013dc9       0x1f sam0/drivers/extint/extint_sam_d_r/extint.o
 .debug_macro   0x00013de8       0x10 sam0/drivers/extint/extint_sam_d_r/extint.o
 .debug_macro   0x00013df8      0x478 sam0/drivers/port/port.o
 .debug_macro   0x00014270      0x4e9 sam0/drivers/sercom/sercom_interrupt.o
 .debug_macro   0x00014759      0x4d0 sam0/drivers/system/clock/clock_samd21_r21/clock.o
 .debug_macro   0x00014c29      0x26d sam0/drivers/system/clock/clock_samd21_r21/clock.o
 .debug_macro   0x00014e96      0x494 sam0/drivers/system/clock/clock_samd21_r21/gclk.o
 .debug_macro   0x0001532a      0x470 sam0/drivers/system/pinmux/pinmux.o
 .debug_macro   0x0001579a      0x4a2 sam0/drivers/system/system.o
 .debug_macro   0x00015c3c      0x4cc sam0/drivers/tc/tc_interrupt.o
 .debug_macro   0x00016108       0x19 sam0/drivers/tc/tc_interrupt.o
 .debug_macro   0x00016121       0x51 sam0/drivers/tc/tc_interrupt.o
 .debug_macro   0x00016172      0x2b8 sam0/utils/cmsis/samr21/source/gcc/startup_samr21.o
 .debug_macro   0x0001642a       0x3a sam0/utils/cmsis/samr21/source/gcc/startup_samr21.o

.debug_line     0x00000000     0x794e
 .debug_line    0x00000000      0xce8 sam_r21_imu.o
 .debug_line    0x00000ce8      0x788 common/utils/interrupt/interrupt_sam_nvic.o
 .debug_line    0x00001470      0x875 sam0/boards/femtobeacon/board_init.o
 .debug_line    0x00001ce5      0x893 sam0/drivers/extint/extint_callback.o
 .debug_line    0x00002578      0xb64 sam0/drivers/extint/extint_sam_d_r/extint.o
 .debug_line    0x000030dc      0x7ca sam0/drivers/port/port.o
 .debug_line    0x000038a6      0xa82 sam0/drivers/sercom/sercom_interrupt.o
 .debug_line    0x00004328      0xb4f sam0/drivers/system/clock/clock_samd21_r21/clock.o
 .debug_line    0x00004e77      0xb55 sam0/drivers/system/clock/clock_samd21_r21/gclk.o
 .debug_line    0x000059cc      0x7e4 sam0/drivers/system/pinmux/pinmux.o
 .debug_line    0x000061b0      0x8dd sam0/drivers/system/system.o
 .debug_line    0x00006a8d      0x96b sam0/drivers/tc/tc_interrupt.o
 .debug_line    0x000073f8      0x556 sam0/utils/cmsis/samr21/source/gcc/startup_samr21.o

.debug_str      0x00000000    0x7d961
 .debug_str     0x00000000    0x78556 sam_r21_imu.o
                              0x78942 (size before relaxing)
 .debug_str     0x00078556       0x9e common/utils/interrupt/interrupt_sam_nvic.o
                              0x75061 (size before relaxing)
 .debug_str     0x000785f4      0x350 sam0/boards/femtobeacon/board_init.o
                              0x77bae (size before relaxing)
 .debug_str     0x00078944      0x7a3 sam0/drivers/extint/extint_callback.o
                              0x7587e (size before relaxing)
 .debug_str     0x000790e7      0xde0 sam0/drivers/extint/extint_sam_d_r/extint.o
                              0x767d6 (size before relaxing)
 .debug_str     0x00079ec7       0x68 sam0/drivers/port/port.o
                              0x7547c (size before relaxing)
 .debug_str     0x00079f2f      0x7fc sam0/drivers/sercom/sercom_interrupt.o
                              0x7652e (size before relaxing)
 .debug_str     0x0007a72b     0x26df sam0/drivers/system/clock/clock_samd21_r21/clock.o
                              0x78029 (size before relaxing)
 .debug_str     0x0007ce0a      0x22c sam0/drivers/system/clock/clock_samd21_r21/gclk.o
                              0x75ced (size before relaxing)
 .debug_str     0x0007d036       0xfe sam0/drivers/system/pinmux/pinmux.o
                              0x75458 (size before relaxing)
 .debug_str     0x0007d134       0x45 sam0/drivers/system/system.o
                              0x750e6 (size before relaxing)
 .debug_str     0x0007d179      0x431 sam0/drivers/tc/tc_interrupt.o
                              0x75db8 (size before relaxing)
 .debug_str     0x0007d5aa      0x3b7 sam0/utils/cmsis/samr21/source/gcc/startup_samr21.o
                              0x6247c (size before relaxing)

.debug_frame    0x00000000      0x730
 .debug_frame   0x00000000       0x28 sam_r21_imu.o
 .debug_frame   0x00000028       0x30 common/utils/interrupt/interrupt_sam_nvic.o
 .debug_frame   0x00000058       0x30 sam0/boards/femtobeacon/board_init.o
 .debug_frame   0x00000088       0x7c sam0/drivers/extint/extint_callback.o
 .debug_frame   0x00000104       0xb8 sam0/drivers/extint/extint_sam_d_r/extint.o
 .debug_frame   0x000001bc       0x44 sam0/drivers/port/port.o
 .debug_frame   0x00000200       0xec sam0/drivers/sercom/sercom_interrupt.o
 .debug_frame   0x000002ec      0x158 sam0/drivers/system/clock/clock_samd21_r21/clock.o
 .debug_frame   0x00000444      0x148 sam0/drivers/system/clock/clock_samd21_r21/gclk.o
 .debug_frame   0x0000058c       0x74 sam0/drivers/system/pinmux/pinmux.o
 .debug_frame   0x00000600       0x38 sam0/drivers/system/system.o
 .debug_frame   0x00000638       0x94 sam0/drivers/tc/tc_interrupt.o
 .debug_frame   0x000006cc       0x38 sam0/utils/cmsis/samr21/source/gcc/startup_samr21.o
 .debug_frame   0x00000704       0x2c /usr/bin/../lib/gcc/arm-none-eabi/4.9.3/../../../../arm-none-eabi/lib/armv6-m/libc_nano.a(lib_a-init.o)

.debug_loc      0x00000000     0x1c1f
 .debug_loc     0x00000000       0x1e common/utils/interrupt/interrupt_sam_nvic.o
 .debug_loc     0x0000001e       0x2d sam0/boards/femtobeacon/board_init.o
 .debug_loc     0x0000004b      0x1f5 sam0/drivers/extint/extint_callback.o
 .debug_loc     0x00000240      0x346 sam0/drivers/extint/extint_sam_d_r/extint.o
 .debug_loc     0x00000586       0xff sam0/drivers/port/port.o
 .debug_loc     0x00000685       0x60 sam0/drivers/sercom/sercom_interrupt.o
 .debug_loc     0x000006e5      0xddb sam0/drivers/system/clock/clock_samd21_r21/clock.o
 .debug_loc     0x000014c0      0x39e sam0/drivers/system/clock/clock_samd21_r21/gclk.o
 .debug_loc     0x0000185e      0x2c4 sam0/drivers/system/pinmux/pinmux.o
 .debug_loc     0x00001b22       0xfd sam0/drivers/tc/tc_interrupt.o

Cross Reference Table

Symbol                                            File
DMAC_Handler                                      sam0/utils/cmsis/samr21/source/gcc/startup_samr21.o
Dummy_Handler                                     sam0/utils/cmsis/samr21/source/gcc/startup_samr21.o
EIC_Handler                                       sam0/drivers/extint/extint_callback.o
EVSYS_Handler                                     sam0/utils/cmsis/samr21/source/gcc/startup_samr21.o
HardFault_Handler                                 sam0/utils/cmsis/samr21/source/gcc/startup_samr21.o
I2S_Handler                                       sam0/utils/cmsis/samr21/source/gcc/startup_samr21.o
NMI_Handler                                       sam0/utils/cmsis/samr21/source/gcc/startup_samr21.o
NVMCTRL_Handler                                   sam0/utils/cmsis/samr21/source/gcc/startup_samr21.o
PM_Handler                                        sam0/utils/cmsis/samr21/source/gcc/startup_samr21.o
PendSV_Handler                                    sam0/utils/cmsis/samr21/source/gcc/startup_samr21.o
RTC_Handler                                       sam0/utils/cmsis/samr21/source/gcc/startup_samr21.o
Reset_Handler                                     sam0/utils/cmsis/samr21/source/gcc/startup_samr21.o
SERCOM0_Handler                                   sam0/drivers/sercom/sercom_interrupt.o
SERCOM1_Handler                                   sam0/drivers/sercom/sercom_interrupt.o
SERCOM2_Handler                                   sam0/drivers/sercom/sercom_interrupt.o
SERCOM3_Handler                                   sam0/drivers/sercom/sercom_interrupt.o
SERCOM4_Handler                                   sam0/drivers/sercom/sercom_interrupt.o
SERCOM5_Handler                                   sam0/drivers/sercom/sercom_interrupt.o
SVC_Handler                                       sam0/utils/cmsis/samr21/source/gcc/startup_samr21.o
SYSCTRL_Handler                                   sam0/utils/cmsis/samr21/source/gcc/startup_samr21.o
SysTick_Handler                                   sam0/utils/cmsis/samr21/source/gcc/startup_samr21.o
SystemCoreClock                                   sam0/utils/cmsis/samr21/source/system_samr21.o
SystemCoreClockUpdate                             sam0/utils/cmsis/samr21/source/system_samr21.o
SystemInit                                        sam0/utils/cmsis/samr21/source/system_samr21.o
TC3_Handler                                       sam0/drivers/tc/tc_interrupt.o
TC4_Handler                                       sam0/drivers/tc/tc_interrupt.o
TC5_Handler                                       sam0/drivers/tc/tc_interrupt.o
TCC0_Handler                                      sam0/utils/cmsis/samr21/source/gcc/startup_samr21.o
TCC1_Handler                                      sam0/utils/cmsis/samr21/source/gcc/startup_samr21.o
TCC2_Handler                                      sam0/utils/cmsis/samr21/source/gcc/startup_samr21.o
WDT_Handler                                       sam0/utils/cmsis/samr21/source/gcc/startup_samr21.o
_Jv_RegisterClasses                               /usr/bin/../lib/gcc/arm-none-eabi/4.9.3/armv6-m/crtbegin.o
__aeabi_idiv                                      /usr/bin/../lib/gcc/arm-none-eabi/4.9.3/armv6-m/libgcc.a(_divsi3.o)
                                                  /usr/bin/../lib/gcc/arm-none-eabi/4.9.3/../../../../arm-none-eabi/lib/armv6-m/libc_nano.a(lib_a-fvwrite.o)
__aeabi_idiv0                                     /usr/bin/../lib/gcc/arm-none-eabi/4.9.3/armv6-m/libgcc.a(_dvmd_tls.o)
                                                  /usr/bin/../lib/gcc/arm-none-eabi/4.9.3/armv6-m/libgcc.a(_divsi3.o)
                                                  /usr/bin/../lib/gcc/arm-none-eabi/4.9.3/armv6-m/libgcc.a(_udivsi3.o)
__aeabi_idivmod                                   /usr/bin/../lib/gcc/arm-none-eabi/4.9.3/armv6-m/libgcc.a(_divsi3.o)
__aeabi_ldiv0                                     /usr/bin/../lib/gcc/arm-none-eabi/4.9.3/armv6-m/libgcc.a(_dvmd_tls.o)
__aeabi_lmul                                      /usr/bin/../lib/gcc/arm-none-eabi/4.9.3/armv6-m/libgcc.a(_muldi3.o)
                                                  sam0/drivers/sercom/sercom.o
__aeabi_uidiv                                     /usr/bin/../lib/gcc/arm-none-eabi/4.9.3/armv6-m/libgcc.a(_udivsi3.o)
                                                  /usr/bin/../lib/gcc/arm-none-eabi/4.9.3/../../../../arm-none-eabi/lib/armv6-m/libc_nano.a(lib_a-nano-vfprintf_i.o)
                                                  sam0/drivers/system/clock/clock_samd21_r21/gclk.o
                                                  sam0/drivers/system/clock/clock_samd21_r21/clock.o
                                                  common2/services/delay/sam0/systick_counter.o
__aeabi_uidivmod                                  /usr/bin/../lib/gcc/arm-none-eabi/4.9.3/armv6-m/libgcc.a(_udivsi3.o)
                                                  /usr/bin/../lib/gcc/arm-none-eabi/4.9.3/../../../../arm-none-eabi/lib/armv6-m/libc_nano.a(lib_a-nano-vfprintf_i.o)
__bss_end__                                       /usr/bin/../lib/gcc/arm-none-eabi/4.9.3/../../../../arm-none-eabi/lib/armv6-m/crt0.o
__bss_start__                                     /usr/bin/../lib/gcc/arm-none-eabi/4.9.3/../../../../arm-none-eabi/lib/armv6-m/crt0.o
__call_exitprocs                                  /usr/bin/../lib/gcc/arm-none-eabi/4.9.3/../../../../arm-none-eabi/lib/armv6-m/libc_nano.a(lib_a-exit.o)
__deregister_frame_info                           /usr/bin/../lib/gcc/arm-none-eabi/4.9.3/armv6-m/crtbegin.o
__divsi3                                          /usr/bin/../lib/gcc/arm-none-eabi/4.9.3/armv6-m/libgcc.a(_divsi3.o)
__dso_handle                                      /usr/bin/../lib/gcc/arm-none-eabi/4.9.3/armv6-m/crtbegin.o
__fp_lock_all                                     /usr/bin/../lib/gcc/arm-none-eabi/4.9.3/../../../../arm-none-eabi/lib/armv6-m/libc_nano.a(lib_a-findfp.o)
__fp_unlock_all                                   /usr/bin/../lib/gcc/arm-none-eabi/4.9.3/../../../../arm-none-eabi/lib/armv6-m/libc_nano.a(lib_a-findfp.o)
__init_array_end                                  /usr/bin/../lib/gcc/arm-none-eabi/4.9.3/../../../../arm-none-eabi/lib/armv6-m/libc_nano.a(lib_a-init.o)
__init_array_start                                /usr/bin/../lib/gcc/arm-none-eabi/4.9.3/../../../../arm-none-eabi/lib/armv6-m/libc_nano.a(lib_a-init.o)
__libc_fini_array                                 /usr/bin/../lib/gcc/arm-none-eabi/4.9.3/../../../../arm-none-eabi/lib/armv6-m/crt0.o
__libc_init_array                                 /usr/bin/../lib/gcc/arm-none-eabi/4.9.3/../../../../arm-none-eabi/lib/armv6-m/libc_nano.a(lib_a-init.o)
                                                  sam0/utils/cmsis/samr21/source/gcc/startup_samr21.o
                                                  /usr/bin/../lib/gcc/arm-none-eabi/4.9.3/../../../../arm-none-eabi/lib/armv6-m/crt0.o
__malloc_free_list                                /usr/bin/../lib/gcc/arm-none-eabi/4.9.3/../../../../arm-none-eabi/lib/armv6-m/libc_nano.a(lib_a-nano-mallocr.o)
                                                  /usr/bin/../lib/gcc/arm-none-eabi/4.9.3/../../../../arm-none-eabi/lib/armv6-m/libc_nano.a(lib_a-nano-freer.o)
__malloc_sbrk_start                               /usr/bin/../lib/gcc/arm-none-eabi/4.9.3/../../../../arm-none-eabi/lib/armv6-m/libc_nano.a(lib_a-nano-mallocr.o)
__muldi3                                          /usr/bin/../lib/gcc/arm-none-eabi/4.9.3/armv6-m/libgcc.a(_muldi3.o)
__preinit_array_end                               /usr/bin/../lib/gcc/arm-none-eabi/4.9.3/../../../../arm-none-eabi/lib/armv6-m/libc_nano.a(lib_a-init.o)
__preinit_array_start                             /usr/bin/../lib/gcc/arm-none-eabi/4.9.3/../../../../arm-none-eabi/lib/armv6-m/libc_nano.a(lib_a-init.o)
__register_frame_info                             /usr/bin/../lib/gcc/arm-none-eabi/4.9.3/armv6-m/crtbegin.o
__sclose                                          /usr/bin/../lib/gcc/arm-none-eabi/4.9.3/../../../../arm-none-eabi/lib/armv6-m/libc_nano.a(lib_a-stdio.o)
                                                  /usr/bin/../lib/gcc/arm-none-eabi/4.9.3/../../../../arm-none-eabi/lib/armv6-m/libc_nano.a(lib_a-findfp.o)
__seofread                                        /usr/bin/../lib/gcc/arm-none-eabi/4.9.3/../../../../arm-none-eabi/lib/armv6-m/libc_nano.a(lib_a-stdio.o)
__sf_fake_stderr                                  /usr/bin/../lib/gcc/arm-none-eabi/4.9.3/../../../../arm-none-eabi/lib/armv6-m/libc_nano.a(lib_a-findfp.o)
                                                  /usr/bin/../lib/gcc/arm-none-eabi/4.9.3/../../../../arm-none-eabi/lib/armv6-m/libc_nano.a(lib_a-fflush.o)
                                                  /usr/bin/../lib/gcc/arm-none-eabi/4.9.3/../../../../arm-none-eabi/lib/armv6-m/libc_nano.a(lib_a-wsetup.o)
                                                  /usr/bin/../lib/gcc/arm-none-eabi/4.9.3/../../../../arm-none-eabi/lib/armv6-m/libc_nano.a(lib_a-wbuf.o)
                                                  /usr/bin/../lib/gcc/arm-none-eabi/4.9.3/../../../../arm-none-eabi/lib/armv6-m/libc_nano.a(lib_a-nano-vfprintf.o)
                                                  /usr/bin/../lib/gcc/arm-none-eabi/4.9.3/../../../../arm-none-eabi/lib/armv6-m/libc_nano.a(lib_a-impure.o)
__sf_fake_stdin                                   /usr/bin/../lib/gcc/arm-none-eabi/4.9.3/../../../../arm-none-eabi/lib/armv6-m/libc_nano.a(lib_a-findfp.o)
                                                  /usr/bin/../lib/gcc/arm-none-eabi/4.9.3/../../../../arm-none-eabi/lib/armv6-m/libc_nano.a(lib_a-fflush.o)
                                                  /usr/bin/../lib/gcc/arm-none-eabi/4.9.3/../../../../arm-none-eabi/lib/armv6-m/libc_nano.a(lib_a-wsetup.o)
                                                  /usr/bin/../lib/gcc/arm-none-eabi/4.9.3/../../../../arm-none-eabi/lib/armv6-m/libc_nano.a(lib_a-wbuf.o)
                                                  /usr/bin/../lib/gcc/arm-none-eabi/4.9.3/../../../../arm-none-eabi/lib/armv6-m/libc_nano.a(lib_a-nano-vfprintf.o)
                                                  /usr/bin/../lib/gcc/arm-none-eabi/4.9.3/../../../../arm-none-eabi/lib/armv6-m/libc_nano.a(lib_a-impure.o)
__sf_fake_stdout                                  /usr/bin/../lib/gcc/arm-none-eabi/4.9.3/../../../../arm-none-eabi/lib/armv6-m/libc_nano.a(lib_a-findfp.o)
                                                  /usr/bin/../lib/gcc/arm-none-eabi/4.9.3/../../../../arm-none-eabi/lib/armv6-m/libc_nano.a(lib_a-fflush.o)
                                                  /usr/bin/../lib/gcc/arm-none-eabi/4.9.3/../../../../arm-none-eabi/lib/armv6-m/libc_nano.a(lib_a-wsetup.o)
                                                  /usr/bin/../lib/gcc/arm-none-eabi/4.9.3/../../../../arm-none-eabi/lib/armv6-m/libc_nano.a(lib_a-wbuf.o)
                                                  /usr/bin/../lib/gcc/arm-none-eabi/4.9.3/../../../../arm-none-eabi/lib/armv6-m/libc_nano.a(lib_a-nano-vfprintf.o)
                                                  /usr/bin/../lib/gcc/arm-none-eabi/4.9.3/../../../../arm-none-eabi/lib/armv6-m/libc_nano.a(lib_a-impure.o)
__sflush_r                                        /usr/bin/../lib/gcc/arm-none-eabi/4.9.3/../../../../arm-none-eabi/lib/armv6-m/libc_nano.a(lib_a-fflush.o)
__sfmoreglue                                      /usr/bin/../lib/gcc/arm-none-eabi/4.9.3/../../../../arm-none-eabi/lib/armv6-m/libc_nano.a(lib_a-findfp.o)
__sfp                                             /usr/bin/../lib/gcc/arm-none-eabi/4.9.3/../../../../arm-none-eabi/lib/armv6-m/libc_nano.a(lib_a-findfp.o)
__sfp_lock_acquire                                /usr/bin/../lib/gcc/arm-none-eabi/4.9.3/../../../../arm-none-eabi/lib/armv6-m/libc_nano.a(lib_a-findfp.o)
__sfp_lock_release                                /usr/bin/../lib/gcc/arm-none-eabi/4.9.3/../../../../arm-none-eabi/lib/armv6-m/libc_nano.a(lib_a-findfp.o)
__sfputs_r                                        /usr/bin/../lib/gcc/arm-none-eabi/4.9.3/../../../../arm-none-eabi/lib/armv6-m/libc_nano.a(lib_a-nano-vfprintf.o)
__sfvwrite_r                                      /usr/bin/../lib/gcc/arm-none-eabi/4.9.3/../../../../arm-none-eabi/lib/armv6-m/libc_nano.a(lib_a-fvwrite.o)
                                                  /usr/bin/../lib/gcc/arm-none-eabi/4.9.3/../../../../arm-none-eabi/lib/armv6-m/libc_nano.a(lib_a-nano-vfprintf.o)
__sinit                                           /usr/bin/../lib/gcc/arm-none-eabi/4.9.3/../../../../arm-none-eabi/lib/armv6-m/libc_nano.a(lib_a-findfp.o)
                                                  /usr/bin/../lib/gcc/arm-none-eabi/4.9.3/../../../../arm-none-eabi/lib/armv6-m/libc_nano.a(lib_a-fflush.o)
                                                  /usr/bin/../lib/gcc/arm-none-eabi/4.9.3/../../../../arm-none-eabi/lib/armv6-m/libc_nano.a(lib_a-wsetup.o)
                                                  /usr/bin/../lib/gcc/arm-none-eabi/4.9.3/../../../../arm-none-eabi/lib/armv6-m/libc_nano.a(lib_a-wbuf.o)
                                                  /usr/bin/../lib/gcc/arm-none-eabi/4.9.3/../../../../arm-none-eabi/lib/armv6-m/libc_nano.a(lib_a-nano-vfprintf.o)
                                                  /usr/bin/../lib/gcc/arm-none-eabi/4.9.3/../../../../arm-none-eabi/lib/armv6-m/libc_nano.a(lib_a-printf.o)
__sinit_lock_acquire                              /usr/bin/../lib/gcc/arm-none-eabi/4.9.3/../../../../arm-none-eabi/lib/armv6-m/libc_nano.a(lib_a-findfp.o)
__sinit_lock_release                              /usr/bin/../lib/gcc/arm-none-eabi/4.9.3/../../../../arm-none-eabi/lib/armv6-m/libc_nano.a(lib_a-findfp.o)
__smakebuf_r                                      /usr/bin/../lib/gcc/arm-none-eabi/4.9.3/../../../../arm-none-eabi/lib/armv6-m/libc_nano.a(lib_a-makebuf.o)
                                                  /usr/bin/../lib/gcc/arm-none-eabi/4.9.3/../../../../arm-none-eabi/lib/armv6-m/libc_nano.a(lib_a-wsetup.o)
__sprint_r                                        /usr/bin/../lib/gcc/arm-none-eabi/4.9.3/../../../../arm-none-eabi/lib/armv6-m/libc_nano.a(lib_a-nano-vfprintf.o)
__sread                                           /usr/bin/../lib/gcc/arm-none-eabi/4.9.3/../../../../arm-none-eabi/lib/armv6-m/libc_nano.a(lib_a-stdio.o)
                                                  /usr/bin/../lib/gcc/arm-none-eabi/4.9.3/../../../../arm-none-eabi/lib/armv6-m/libc_nano.a(lib_a-findfp.o)
__sseek                                           /usr/bin/../lib/gcc/arm-none-eabi/4.9.3/../../../../arm-none-eabi/lib/armv6-m/libc_nano.a(lib_a-stdio.o)
                                                  /usr/bin/../lib/gcc/arm-none-eabi/4.9.3/../../../../arm-none-eabi/lib/armv6-m/libc_nano.a(lib_a-findfp.o)
__stack                                           /usr/bin/../lib/gcc/arm-none-eabi/4.9.3/../../../../arm-none-eabi/lib/armv6-m/crt0.o
__swbuf                                           /usr/bin/../lib/gcc/arm-none-eabi/4.9.3/../../../../arm-none-eabi/lib/armv6-m/libc_nano.a(lib_a-wbuf.o)
__swbuf_r                                         /usr/bin/../lib/gcc/arm-none-eabi/4.9.3/../../../../arm-none-eabi/lib/armv6-m/libc_nano.a(lib_a-wbuf.o)
                                                  /usr/bin/../lib/gcc/arm-none-eabi/4.9.3/../../../../arm-none-eabi/lib/armv6-m/libc_nano.a(lib_a-nano-vfprintf.o)
__swrite                                          /usr/bin/../lib/gcc/arm-none-eabi/4.9.3/../../../../arm-none-eabi/lib/armv6-m/libc_nano.a(lib_a-stdio.o)
                                                  /usr/bin/../lib/gcc/arm-none-eabi/4.9.3/../../../../arm-none-eabi/lib/armv6-m/libc_nano.a(lib_a-findfp.o)
__swsetup_r                                       /usr/bin/../lib/gcc/arm-none-eabi/4.9.3/../../../../arm-none-eabi/lib/armv6-m/libc_nano.a(lib_a-wsetup.o)
                                                  /usr/bin/../lib/gcc/arm-none-eabi/4.9.3/../../../../arm-none-eabi/lib/armv6-m/libc_nano.a(lib_a-fvwrite.o)
                                                  /usr/bin/../lib/gcc/arm-none-eabi/4.9.3/../../../../arm-none-eabi/lib/armv6-m/libc_nano.a(lib_a-wbuf.o)
                                                  /usr/bin/../lib/gcc/arm-none-eabi/4.9.3/../../../../arm-none-eabi/lib/armv6-m/libc_nano.a(lib_a-nano-vfprintf.o)
__udivsi3                                         /usr/bin/../lib/gcc/arm-none-eabi/4.9.3/armv6-m/libgcc.a(_udivsi3.o)
_cleanup                                          /usr/bin/../lib/gcc/arm-none-eabi/4.9.3/../../../../arm-none-eabi/lib/armv6-m/libc_nano.a(lib_a-findfp.o)
_cleanup_r                                        /usr/bin/../lib/gcc/arm-none-eabi/4.9.3/../../../../arm-none-eabi/lib/armv6-m/libc_nano.a(lib_a-findfp.o)
                                                  /usr/bin/../lib/gcc/arm-none-eabi/4.9.3/../../../../arm-none-eabi/lib/armv6-m/libc_nano.a(lib_a-makebuf.o)
_close                                            sam0/utils/syscalls/gcc/syscalls.o
                                                  /usr/bin/../lib/gcc/arm-none-eabi/4.9.3/../../../../arm-none-eabi/lib/armv6-m/libc_nano.a(lib_a-closer.o)
_close_r                                          /usr/bin/../lib/gcc/arm-none-eabi/4.9.3/../../../../arm-none-eabi/lib/armv6-m/libc_nano.a(lib_a-closer.o)
                                                  /usr/bin/../lib/gcc/arm-none-eabi/4.9.3/../../../../arm-none-eabi/lib/armv6-m/libc_nano.a(lib_a-stdio.o)
_current_channel                                  sam0/drivers/extint/extint_callback.o
_end                                              sam0/utils/syscalls/gcc/syscalls.o
_erelocate                                        sam0/utils/cmsis/samr21/source/gcc/startup_samr21.o
_estack                                           sam0/utils/cmsis/samr21/source/gcc/startup_samr21.o
_etext                                            sam0/utils/cmsis/samr21/source/gcc/startup_samr21.o
_exit                                             sam0/utils/syscalls/gcc/syscalls.o
                                                  /usr/bin/../lib/gcc/arm-none-eabi/4.9.3/../../../../arm-none-eabi/lib/armv6-m/libc_nano.a(lib_a-exit.o)
_extint_dev                                       sam0/drivers/extint/extint_sam_d_r/extint.o
                                                  sam0/drivers/extint/extint_callback.o
_ezero                                            sam0/utils/cmsis/samr21/source/gcc/startup_samr21.o
_fflush_r                                         /usr/bin/../lib/gcc/arm-none-eabi/4.9.3/../../../../arm-none-eabi/lib/armv6-m/libc_nano.a(lib_a-fflush.o)
                                                  /usr/bin/../lib/gcc/arm-none-eabi/4.9.3/../../../../arm-none-eabi/lib/armv6-m/libc_nano.a(lib_a-fvwrite.o)
                                                  /usr/bin/../lib/gcc/arm-none-eabi/4.9.3/../../../../arm-none-eabi/lib/armv6-m/libc_nano.a(lib_a-wbuf.o)
                                                  /usr/bin/../lib/gcc/arm-none-eabi/4.9.3/../../../../arm-none-eabi/lib/armv6-m/libc_nano.a(lib_a-findfp.o)
_fini                                             /usr/bin/../lib/gcc/arm-none-eabi/4.9.3/armv6-m/crti.o
_free_r                                           /usr/bin/../lib/gcc/arm-none-eabi/4.9.3/../../../../arm-none-eabi/lib/armv6-m/libc_nano.a(lib_a-nano-freer.o)
                                                  /usr/bin/../lib/gcc/arm-none-eabi/4.9.3/../../../../arm-none-eabi/lib/armv6-m/libc_nano.a(lib_a-reent.o)
                                                  /usr/bin/../lib/gcc/arm-none-eabi/4.9.3/../../../../arm-none-eabi/lib/armv6-m/libc_nano.a(lib_a-nano-reallocr.o)
                                                  /usr/bin/../lib/gcc/arm-none-eabi/4.9.3/../../../../arm-none-eabi/lib/armv6-m/libc_nano.a(lib_a-fvwrite.o)
                                                  /usr/bin/../lib/gcc/arm-none-eabi/4.9.3/../../../../arm-none-eabi/lib/armv6-m/libc_nano.a(lib_a-fflush.o)
                                                  /usr/bin/../lib/gcc/arm-none-eabi/4.9.3/../../../../arm-none-eabi/lib/armv6-m/libc_nano.a(lib_a-wsetup.o)
_fstat                                            sam0/utils/syscalls/gcc/syscalls.o
                                                  /usr/bin/../lib/gcc/arm-none-eabi/4.9.3/../../../../arm-none-eabi/lib/armv6-m/libc_nano.a(lib_a-fstatr.o)
_fstat_r                                          /usr/bin/../lib/gcc/arm-none-eabi/4.9.3/../../../../arm-none-eabi/lib/armv6-m/libc_nano.a(lib_a-fstatr.o)
                                                  /usr/bin/../lib/gcc/arm-none-eabi/4.9.3/../../../../arm-none-eabi/lib/armv6-m/libc_nano.a(lib_a-makebuf.o)
_fwalk                                            /usr/bin/../lib/gcc/arm-none-eabi/4.9.3/../../../../arm-none-eabi/lib/armv6-m/libc_nano.a(lib_a-fwalk.o)
                                                  /usr/bin/../lib/gcc/arm-none-eabi/4.9.3/../../../../arm-none-eabi/lib/armv6-m/libc_nano.a(lib_a-findfp.o)
_fwalk_reent                                      /usr/bin/../lib/gcc/arm-none-eabi/4.9.3/../../../../arm-none-eabi/lib/armv6-m/libc_nano.a(lib_a-fwalk.o)
                                                  /usr/bin/../lib/gcc/arm-none-eabi/4.9.3/../../../../arm-none-eabi/lib/armv6-m/libc_nano.a(lib_a-fflush.o)
                                                  /usr/bin/../lib/gcc/arm-none-eabi/4.9.3/../../../../arm-none-eabi/lib/armv6-m/libc_nano.a(lib_a-findfp.o)
_getpid                                           sam0/utils/syscalls/gcc/syscalls.o
_global_impure_ptr                                /usr/bin/../lib/gcc/arm-none-eabi/4.9.3/../../../../arm-none-eabi/lib/armv6-m/libc_nano.a(lib_a-impure.o)
                                                  /usr/bin/../lib/gcc/arm-none-eabi/4.9.3/../../../../arm-none-eabi/lib/armv6-m/libc_nano.a(lib_a-fflush.o)
                                                  /usr/bin/../lib/gcc/arm-none-eabi/4.9.3/../../../../arm-none-eabi/lib/armv6-m/libc_nano.a(lib_a-findfp.o)
                                                  /usr/bin/../lib/gcc/arm-none-eabi/4.9.3/../../../../arm-none-eabi/lib/armv6-m/libc_nano.a(lib_a-exit.o)
_impure_ptr                                       /usr/bin/../lib/gcc/arm-none-eabi/4.9.3/../../../../arm-none-eabi/lib/armv6-m/libc_nano.a(lib_a-impure.o)
                                                  /usr/bin/../lib/gcc/arm-none-eabi/4.9.3/../../../../arm-none-eabi/lib/armv6-m/libc_nano.a(lib_a-reent.o)
                                                  /usr/bin/../lib/gcc/arm-none-eabi/4.9.3/../../../../arm-none-eabi/lib/armv6-m/libc_nano.a(lib_a-fflush.o)
                                                  /usr/bin/../lib/gcc/arm-none-eabi/4.9.3/../../../../arm-none-eabi/lib/armv6-m/libc_nano.a(lib_a-wsetup.o)
                                                  /usr/bin/../lib/gcc/arm-none-eabi/4.9.3/../../../../arm-none-eabi/lib/armv6-m/libc_nano.a(lib_a-wbuf.o)
                                                  /usr/bin/../lib/gcc/arm-none-eabi/4.9.3/../../../../arm-none-eabi/lib/armv6-m/libc_nano.a(lib_a-nano-vfprintf.o)
                                                  /usr/bin/../lib/gcc/arm-none-eabi/4.9.3/../../../../arm-none-eabi/lib/armv6-m/libc_nano.a(lib_a-findfp.o)
                                                  /usr/bin/../lib/gcc/arm-none-eabi/4.9.3/../../../../arm-none-eabi/lib/armv6-m/libc_nano.a(lib_a-printf.o)
_init                                             /usr/bin/../lib/gcc/arm-none-eabi/4.9.3/armv6-m/crti.o
                                                  /usr/bin/../lib/gcc/arm-none-eabi/4.9.3/../../../../arm-none-eabi/lib/armv6-m/libc_nano.a(lib_a-init.o)
_iprintf_r                                        /usr/bin/../lib/gcc/arm-none-eabi/4.9.3/../../../../arm-none-eabi/lib/armv6-m/libc_nano.a(lib_a-printf.o)
_isatty                                           sam0/utils/syscalls/gcc/syscalls.o
                                                  /usr/bin/../lib/gcc/arm-none-eabi/4.9.3/../../../../arm-none-eabi/lib/armv6-m/libc_nano.a(lib_a-isattyr.o)
_isatty_r                                         /usr/bin/../lib/gcc/arm-none-eabi/4.9.3/../../../../arm-none-eabi/lib/armv6-m/libc_nano.a(lib_a-isattyr.o)
                                                  /usr/bin/../lib/gcc/arm-none-eabi/4.9.3/../../../../arm-none-eabi/lib/armv6-m/libc_nano.a(lib_a-makebuf.o)
_kill                                             sam0/utils/syscalls/gcc/syscalls.o
_lseek                                            sam0/utils/syscalls/gcc/syscalls.o
                                                  /usr/bin/../lib/gcc/arm-none-eabi/4.9.3/../../../../arm-none-eabi/lib/armv6-m/libc_nano.a(lib_a-lseekr.o)
_lseek_r                                          /usr/bin/../lib/gcc/arm-none-eabi/4.9.3/../../../../arm-none-eabi/lib/armv6-m/libc_nano.a(lib_a-lseekr.o)
                                                  /usr/bin/../lib/gcc/arm-none-eabi/4.9.3/../../../../arm-none-eabi/lib/armv6-m/libc_nano.a(lib_a-stdio.o)
_mainCRTStartup                                   /usr/bin/../lib/gcc/arm-none-eabi/4.9.3/../../../../arm-none-eabi/lib/armv6-m/crt0.o
_malloc_r                                         /usr/bin/../lib/gcc/arm-none-eabi/4.9.3/../../../../arm-none-eabi/lib/armv6-m/libc_nano.a(lib_a-nano-mallocr.o)
                                                  /usr/bin/../lib/gcc/arm-none-eabi/4.9.3/../../../../arm-none-eabi/lib/armv6-m/libc_nano.a(lib_a-nano-reallocr.o)
                                                  /usr/bin/../lib/gcc/arm-none-eabi/4.9.3/../../../../arm-none-eabi/lib/armv6-m/libc_nano.a(lib_a-makebuf.o)
                                                  /usr/bin/../lib/gcc/arm-none-eabi/4.9.3/../../../../arm-none-eabi/lib/armv6-m/libc_nano.a(lib_a-fvwrite.o)
                                                  /usr/bin/../lib/gcc/arm-none-eabi/4.9.3/../../../../arm-none-eabi/lib/armv6-m/libc_nano.a(lib_a-findfp.o)
_malloc_usable_size_r                             /usr/bin/../lib/gcc/arm-none-eabi/4.9.3/../../../../arm-none-eabi/lib/armv6-m/libc_nano.a(lib_a-nano-msizer.o)
                                                  /usr/bin/../lib/gcc/arm-none-eabi/4.9.3/../../../../arm-none-eabi/lib/armv6-m/libc_nano.a(lib_a-nano-reallocr.o)
_printf_common                                    /usr/bin/../lib/gcc/arm-none-eabi/4.9.3/../../../../arm-none-eabi/lib/armv6-m/libc_nano.a(lib_a-nano-vfprintf_i.o)
_printf_float                                     /usr/bin/../lib/gcc/arm-none-eabi/4.9.3/../../../../arm-none-eabi/lib/armv6-m/libc_nano.a(lib_a-nano-vfprintf.o)
_printf_i                                         /usr/bin/../lib/gcc/arm-none-eabi/4.9.3/../../../../arm-none-eabi/lib/armv6-m/libc_nano.a(lib_a-nano-vfprintf_i.o)
                                                  /usr/bin/../lib/gcc/arm-none-eabi/4.9.3/../../../../arm-none-eabi/lib/armv6-m/libc_nano.a(lib_a-nano-vfprintf.o)
_printf_r                                         /usr/bin/../lib/gcc/arm-none-eabi/4.9.3/../../../../arm-none-eabi/lib/armv6-m/libc_nano.a(lib_a-printf.o)
_read                                             sam0/utils/stdio/read.o
                                                  /usr/bin/../lib/gcc/arm-none-eabi/4.9.3/../../../../arm-none-eabi/lib/armv6-m/libc_nano.a(lib_a-readr.o)
_read_r                                           /usr/bin/../lib/gcc/arm-none-eabi/4.9.3/../../../../arm-none-eabi/lib/armv6-m/libc_nano.a(lib_a-readr.o)
                                                  /usr/bin/../lib/gcc/arm-none-eabi/4.9.3/../../../../arm-none-eabi/lib/armv6-m/libc_nano.a(lib_a-stdio.o)
_realloc_r                                        /usr/bin/../lib/gcc/arm-none-eabi/4.9.3/../../../../arm-none-eabi/lib/armv6-m/libc_nano.a(lib_a-nano-reallocr.o)
                                                  /usr/bin/../lib/gcc/arm-none-eabi/4.9.3/../../../../arm-none-eabi/lib/armv6-m/libc_nano.a(lib_a-fvwrite.o)
_reclaim_reent                                    /usr/bin/../lib/gcc/arm-none-eabi/4.9.3/../../../../arm-none-eabi/lib/armv6-m/libc_nano.a(lib_a-reent.o)
_sbrk                                             sam0/utils/syscalls/gcc/syscalls.o
                                                  /usr/bin/../lib/gcc/arm-none-eabi/4.9.3/../../../../arm-none-eabi/lib/armv6-m/libc_nano.a(lib_a-sbrkr.o)
_sbrk_r                                           /usr/bin/../lib/gcc/arm-none-eabi/4.9.3/../../../../arm-none-eabi/lib/armv6-m/libc_nano.a(lib_a-sbrkr.o)
                                                  /usr/bin/../lib/gcc/arm-none-eabi/4.9.3/../../../../arm-none-eabi/lib/armv6-m/libc_nano.a(lib_a-nano-mallocr.o)
_sercom_get_async_baud_val                        sam0/drivers/sercom/sercom.o
                                                  sam0/drivers/sercom/usart/usart.o
_sercom_get_default_pad                           sam0/drivers/sercom/sercom.o
                                                  sam0/drivers/sercom/usart/usart.o
_sercom_get_interrupt_vector                      sam0/drivers/sercom/sercom_interrupt.o
_sercom_get_sercom_inst_index                     sam0/drivers/sercom/sercom.o
                                                  sam0/drivers/sercom/usart/usart.o
                                                  sam0/drivers/sercom/sercom_interrupt.o
_sercom_get_sync_baud_val                         sam0/drivers/sercom/sercom.o
                                                  sam0/drivers/sercom/usart/usart.o
_sercom_instances                                 sam0/drivers/sercom/sercom_interrupt.o
                                                  sam0/drivers/sercom/usart/usart_interrupt.o
                                                  sam0/drivers/sercom/usart/usart.o
_sercom_set_handler                               sam0/drivers/sercom/sercom_interrupt.o
                                                  sam0/drivers/sercom/usart/usart.o
_sfixed                                           sam0/utils/cmsis/samr21/source/gcc/startup_samr21.o
_srelocate                                        sam0/utils/cmsis/samr21/source/gcc/startup_samr21.o
_start                                            /usr/bin/../lib/gcc/arm-none-eabi/4.9.3/../../../../arm-none-eabi/lib/armv6-m/crt0.o
_system_dummy_init                                sam0/drivers/system/system.o
_system_events_init                               sam0/drivers/system/system.o
_system_extint_init                               sam0/drivers/extint/extint_sam_d_r/extint.o
_szero                                            sam0/utils/cmsis/samr21/source/gcc/startup_samr21.o
_tc_get_inst_index                                sam0/drivers/tc/tc_sam_d_r/tc.o
_tc_instances                                     sam0/drivers/tc/tc_interrupt.o
                                                  sam0/drivers/tc/tc_sam_d_r/tc.o
_tc_interrupt_handler                             sam0/drivers/tc/tc_interrupt.o
_usart_interrupt_handler                          sam0/drivers/sercom/usart/usart_interrupt.o
                                                  sam0/drivers/sercom/usart/usart.o
_usart_read_buffer                                sam0/drivers/sercom/usart/usart_interrupt.o
_usart_write_buffer                               sam0/drivers/sercom/usart/usart_interrupt.o
_vfiprintf_r                                      /usr/bin/../lib/gcc/arm-none-eabi/4.9.3/../../../../arm-none-eabi/lib/armv6-m/libc_nano.a(lib_a-nano-vfprintf.o)
_vfprintf_r                                       /usr/bin/../lib/gcc/arm-none-eabi/4.9.3/../../../../arm-none-eabi/lib/armv6-m/libc_nano.a(lib_a-nano-vfprintf.o)
                                                  /usr/bin/../lib/gcc/arm-none-eabi/4.9.3/../../../../arm-none-eabi/lib/armv6-m/libc_nano.a(lib_a-printf.o)
_write                                            sam0/utils/stdio/write.o
                                                  /usr/bin/../lib/gcc/arm-none-eabi/4.9.3/../../../../arm-none-eabi/lib/armv6-m/libc_nano.a(lib_a-writer.o)
_write_r                                          /usr/bin/../lib/gcc/arm-none-eabi/4.9.3/../../../../arm-none-eabi/lib/armv6-m/libc_nano.a(lib_a-writer.o)
                                                  /usr/bin/../lib/gcc/arm-none-eabi/4.9.3/../../../../arm-none-eabi/lib/armv6-m/libc_nano.a(lib_a-stdio.o)
atexit                                            /usr/bin/../lib/gcc/arm-none-eabi/4.9.3/../../../../arm-none-eabi/lib/armv6-m/crt0.o
board_init                                        sam0/boards/femtobeacon/board_init.o
cleanup_glue                                      /usr/bin/../lib/gcc/arm-none-eabi/4.9.3/../../../../arm-none-eabi/lib/armv6-m/libc_nano.a(lib_a-reent.o)
cpu_irq_enter_critical                            common/utils/interrupt/interrupt_sam_nvic.o
                                                  sam0/drivers/system/clock/clock_samd21_r21/gclk.o
cpu_irq_leave_critical                            common/utils/interrupt/interrupt_sam_nvic.o
                                                  sam0/drivers/system/clock/clock_samd21_r21/gclk.o
delay_cycles_ms                                   common2/services/delay/sam0/systick_counter.o
delay_cycles_us                                   common2/services/delay/sam0/systick_counter.o
delay_init                                        common2/services/delay/sam0/systick_counter.o
errno                                             /usr/bin/../lib/gcc/arm-none-eabi/4.9.3/../../../../arm-none-eabi/lib/armv6-m/libc_nano.a(lib_a-reent.o)
                                                  /usr/bin/../lib/gcc/arm-none-eabi/4.9.3/../../../../arm-none-eabi/lib/armv6-m/libc_nano.a(lib_a-isattyr.o)
                                                  /usr/bin/../lib/gcc/arm-none-eabi/4.9.3/../../../../arm-none-eabi/lib/armv6-m/libc_nano.a(lib_a-fstatr.o)
                                                  /usr/bin/../lib/gcc/arm-none-eabi/4.9.3/../../../../arm-none-eabi/lib/armv6-m/libc_nano.a(lib_a-readr.o)
                                                  /usr/bin/../lib/gcc/arm-none-eabi/4.9.3/../../../../arm-none-eabi/lib/armv6-m/libc_nano.a(lib_a-lseekr.o)
                                                  /usr/bin/../lib/gcc/arm-none-eabi/4.9.3/../../../../arm-none-eabi/lib/armv6-m/libc_nano.a(lib_a-closer.o)
                                                  /usr/bin/../lib/gcc/arm-none-eabi/4.9.3/../../../../arm-none-eabi/lib/armv6-m/libc_nano.a(lib_a-writer.o)
                                                  /usr/bin/../lib/gcc/arm-none-eabi/4.9.3/../../../../arm-none-eabi/lib/armv6-m/libc_nano.a(lib_a-sbrkr.o)
exception_table                                   sam0/utils/cmsis/samr21/source/gcc/startup_samr21.o
exit                                              /usr/bin/../lib/gcc/arm-none-eabi/4.9.3/../../../../arm-none-eabi/lib/armv6-m/libc_nano.a(lib_a-exit.o)
                                                  /usr/bin/../lib/gcc/arm-none-eabi/4.9.3/../../../../arm-none-eabi/lib/armv6-m/crt0.o
extint_chan_disable_callback                      sam0/drivers/extint/extint_callback.o
extint_chan_enable_callback                       sam0/drivers/extint/extint_callback.o
extint_chan_get_config_defaults                   sam0/drivers/extint/extint_sam_d_r/extint.o
extint_chan_set_config                            sam0/drivers/extint/extint_sam_d_r/extint.o
extint_disable_events                             sam0/drivers/extint/extint_sam_d_r/extint.o
extint_enable_events                              sam0/drivers/extint/extint_sam_d_r/extint.o
extint_get_current_channel                        sam0/drivers/extint/extint_callback.o
extint_nmi_set_config                             sam0/drivers/extint/extint_sam_d_r/extint.o
extint_register_callback                          sam0/drivers/extint/extint_callback.o
extint_unregister_callback                        sam0/drivers/extint/extint_callback.o
fflush                                            /usr/bin/../lib/gcc/arm-none-eabi/4.9.3/../../../../arm-none-eabi/lib/armv6-m/libc_nano.a(lib_a-fflush.o)
g_interrupt_enabled                               common/utils/interrupt/interrupt_sam_nvic.o
hardware_init_hook                                /usr/bin/../lib/gcc/arm-none-eabi/4.9.3/../../../../arm-none-eabi/lib/armv6-m/crt0.o
iprintf                                           /usr/bin/../lib/gcc/arm-none-eabi/4.9.3/../../../../arm-none-eabi/lib/armv6-m/libc_nano.a(lib_a-printf.o)
                                                  sam0/utils/syscalls/gcc/syscalls.o
link                                              sam0/utils/syscalls/gcc/syscalls.o
main                                              sam_r21_imu.o
                                                  sam0/utils/cmsis/samr21/source/gcc/startup_samr21.o
                                                  /usr/bin/../lib/gcc/arm-none-eabi/4.9.3/../../../../arm-none-eabi/lib/armv6-m/crt0.o
memchr                                            /usr/bin/../lib/gcc/arm-none-eabi/4.9.3/../../../../arm-none-eabi/lib/armv6-m/libc_nano.a(lib_a-memchr.o)
                                                  /usr/bin/../lib/gcc/arm-none-eabi/4.9.3/../../../../arm-none-eabi/lib/armv6-m/libc_nano.a(lib_a-fvwrite.o)
                                                  /usr/bin/../lib/gcc/arm-none-eabi/4.9.3/../../../../arm-none-eabi/lib/armv6-m/libc_nano.a(lib_a-nano-vfprintf_i.o)
                                                  /usr/bin/../lib/gcc/arm-none-eabi/4.9.3/../../../../arm-none-eabi/lib/armv6-m/libc_nano.a(lib_a-nano-vfprintf.o)
memcpy                                            /usr/bin/../lib/gcc/arm-none-eabi/4.9.3/../../../../arm-none-eabi/lib/armv6-m/libc_nano.a(lib_a-memcpy.o)
                                                  /usr/bin/../lib/gcc/arm-none-eabi/4.9.3/../../../../arm-none-eabi/lib/armv6-m/libc_nano.a(lib_a-nano-reallocr.o)
                                                  /usr/bin/../lib/gcc/arm-none-eabi/4.9.3/../../../../arm-none-eabi/lib/armv6-m/libc_nano.a(lib_a-fvwrite.o)
                                                  sam0/drivers/tc/tc_sam_d_r/tc.o
                                                  sam0/drivers/sercom/sercom_interrupt.o
memmove                                           /usr/bin/../lib/gcc/arm-none-eabi/4.9.3/../../../../arm-none-eabi/lib/armv6-m/libc_nano.a(lib_a-memmove.o)
                                                  /usr/bin/../lib/gcc/arm-none-eabi/4.9.3/../../../../arm-none-eabi/lib/armv6-m/libc_nano.a(lib_a-fvwrite.o)
memset                                            /usr/bin/../lib/gcc/arm-none-eabi/4.9.3/../../../../arm-none-eabi/lib/armv6-m/libc_nano.a(lib_a-memset.o)
                                                  /usr/bin/../lib/gcc/arm-none-eabi/4.9.3/../../../../arm-none-eabi/lib/armv6-m/libc_nano.a(lib_a-findfp.o)
                                                  /usr/bin/../lib/gcc/arm-none-eabi/4.9.3/../../../../arm-none-eabi/lib/armv6-m/crt0.o
port_group_set_config                             sam0/drivers/port/port.o
port_pin_set_config                               sam0/drivers/port/port.o
                                                  sam0/boards/femtobeacon/board_init.o
printf                                            /usr/bin/../lib/gcc/arm-none-eabi/4.9.3/../../../../arm-none-eabi/lib/armv6-m/libc_nano.a(lib_a-printf.o)
ptr_get                                           sam0/utils/stdio/read.o
ptr_put                                           sam0/utils/stdio/write.o
sercom_set_gclk_generator                         sam0/drivers/sercom/sercom.o
                                                  sam0/drivers/sercom/usart/usart.o
software_init_hook                                /usr/bin/../lib/gcc/arm-none-eabi/4.9.3/../../../../arm-none-eabi/lib/armv6-m/crt0.o
stdio_base                                        sam0/utils/stdio/write.o
                                                  sam0/utils/stdio/read.o
system_board_init                                 sam0/boards/femtobeacon/board_init.o
system_clock_init                                 sam0/drivers/system/clock/clock_samd21_r21/clock.o
system_clock_source_dfll_set_config               sam0/drivers/system/clock/clock_samd21_r21/clock.o
system_clock_source_disable                       sam0/drivers/system/clock/clock_samd21_r21/clock.o
system_clock_source_dpll_set_config               sam0/drivers/system/clock/clock_samd21_r21/clock.o
system_clock_source_enable                        sam0/drivers/system/clock/clock_samd21_r21/clock.o
system_clock_source_get_hz                        sam0/drivers/system/clock/clock_samd21_r21/clock.o
                                                  sam0/drivers/system/clock/clock_samd21_r21/gclk.o
system_clock_source_is_ready                      sam0/drivers/system/clock/clock_samd21_r21/clock.o
system_clock_source_osc32k_set_config             sam0/drivers/system/clock/clock_samd21_r21/clock.o
system_clock_source_osc8m_set_config              sam0/drivers/system/clock/clock_samd21_r21/clock.o
system_clock_source_write_calibration             sam0/drivers/system/clock/clock_samd21_r21/clock.o
system_clock_source_xosc32k_set_config            sam0/drivers/system/clock/clock_samd21_r21/clock.o
system_clock_source_xosc_set_config               sam0/drivers/system/clock/clock_samd21_r21/clock.o
system_gclk_chan_disable                          sam0/drivers/system/clock/clock_samd21_r21/gclk.o
                                                  sam0/drivers/extint/extint_sam_d_r/extint.o
system_gclk_chan_enable                           sam0/drivers/system/clock/clock_samd21_r21/gclk.o
                                                  sam0/drivers/tc/tc_sam_d_r/tc.o
                                                  sam0/drivers/sercom/usart/usart.o
                                                  sam0/drivers/sercom/sercom.o
                                                  sam0/drivers/extint/extint_sam_d_r/extint.o
system_gclk_chan_get_hz                           sam0/drivers/system/clock/clock_samd21_r21/gclk.o
                                                  sam0/drivers/system/clock/clock_samd21_r21/clock.o
                                                  sam0/drivers/sercom/usart/usart.o
system_gclk_chan_is_enabled                       sam0/drivers/system/clock/clock_samd21_r21/gclk.o
system_gclk_chan_is_locked                        sam0/drivers/system/clock/clock_samd21_r21/gclk.o
system_gclk_chan_lock                             sam0/drivers/system/clock/clock_samd21_r21/gclk.o
system_gclk_chan_set_config                       sam0/drivers/system/clock/clock_samd21_r21/gclk.o
                                                  sam0/drivers/tc/tc_sam_d_r/tc.o
                                                  sam0/drivers/system/clock/clock_samd21_r21/clock.o
                                                  sam0/drivers/sercom/usart/usart.o
                                                  sam0/drivers/sercom/sercom.o
                                                  sam0/drivers/extint/extint_sam_d_r/extint.o
system_gclk_gen_disable                           sam0/drivers/system/clock/clock_samd21_r21/gclk.o
system_gclk_gen_enable                            sam0/drivers/system/clock/clock_samd21_r21/gclk.o
                                                  sam0/drivers/system/clock/clock_samd21_r21/clock.o
system_gclk_gen_get_hz                            sam0/drivers/system/clock/clock_samd21_r21/gclk.o
                                                  common2/services/delay/sam0/systick_counter.o
system_gclk_gen_is_enabled                        sam0/drivers/system/clock/clock_samd21_r21/gclk.o
system_gclk_gen_set_config                        sam0/drivers/system/clock/clock_samd21_r21/gclk.o
                                                  sam0/drivers/system/clock/clock_samd21_r21/clock.o
system_gclk_init                                  sam0/drivers/system/clock/clock_samd21_r21/gclk.o
                                                  sam0/drivers/system/clock/clock_samd21_r21/clock.o
system_init                                       sam0/drivers/system/system.o
                                                  sam_r21_imu.o
system_interrupt_clear_pending                    sam0/drivers/system/interrupt/system_interrupt.o
system_interrupt_get_priority                     sam0/drivers/system/interrupt/system_interrupt.o
system_interrupt_is_pending                       sam0/drivers/system/interrupt/system_interrupt.o
system_interrupt_set_pending                      sam0/drivers/system/interrupt/system_interrupt.o
system_interrupt_set_priority                     sam0/drivers/system/interrupt/system_interrupt.o
system_pinmux_group_set_config                    sam0/drivers/system/pinmux/pinmux.o
                                                  sam0/drivers/port/port.o
system_pinmux_group_set_input_sample_mode         sam0/drivers/system/pinmux/pinmux.o
system_pinmux_pin_set_config                      sam0/drivers/system/pinmux/pinmux.o
                                                  sam0/drivers/tc/tc_sam_d_r/tc.o
                                                  sam0/drivers/sercom/usart/usart.o
                                                  sam0/drivers/port/port.o
                                                  sam0/drivers/extint/extint_sam_d_r/extint.o
tc_get_capture_value                              sam0/drivers/tc/tc_sam_d_r/tc.o
tc_get_count_value                                sam0/drivers/tc/tc_sam_d_r/tc.o
tc_init                                           sam0/drivers/tc/tc_sam_d_r/tc.o
tc_register_callback                              sam0/drivers/tc/tc_interrupt.o
tc_reset                                          sam0/drivers/tc/tc_sam_d_r/tc.o
tc_set_compare_value                              sam0/drivers/tc/tc_sam_d_r/tc.o
tc_set_count_value                                sam0/drivers/tc/tc_sam_d_r/tc.o
tc_set_top_value                                  sam0/drivers/tc/tc_sam_d_r/tc.o
tc_unregister_callback                            sam0/drivers/tc/tc_interrupt.o
usart_abort_job                                   sam0/drivers/sercom/usart/usart_interrupt.o
usart_get_job_status                              sam0/drivers/sercom/usart/usart_interrupt.o
usart_init                                        sam0/drivers/sercom/usart/usart.o
usart_read_buffer_job                             sam0/drivers/sercom/usart/usart_interrupt.o
usart_read_buffer_wait                            sam0/drivers/sercom/usart/usart.o
usart_read_job                                    sam0/drivers/sercom/usart/usart_interrupt.o
usart_read_wait                                   sam0/drivers/sercom/usart/usart.o
usart_register_callback                           sam0/drivers/sercom/usart/usart_interrupt.o
usart_unregister_callback                         sam0/drivers/sercom/usart/usart_interrupt.o
usart_write_buffer_job                            sam0/drivers/sercom/usart/usart_interrupt.o
usart_write_buffer_wait                           sam0/drivers/sercom/usart/usart.o
usart_write_job                                   sam0/drivers/sercom/usart/usart_interrupt.o
usart_write_wait                                  sam0/drivers/sercom/usart/usart.o
vfiprintf                                         /usr/bin/../lib/gcc/arm-none-eabi/4.9.3/../../../../arm-none-eabi/lib/armv6-m/libc_nano.a(lib_a-nano-vfprintf.o)
vfprintf                                          /usr/bin/../lib/gcc/arm-none-eabi/4.9.3/../../../../arm-none-eabi/lib/armv6-m/libc_nano.a(lib_a-nano-vfprintf.o)
